Archive member included to satisfy reference by file (symbol)

/opt/devkitpro/devkitARM/bin/../lib/gcc/arm-none-eabi/10.2.0/../../../../arm-none-eabi/lib/armv6k/fpu/libm.a(lib_a-cosf.o)
                              /home/ajusa/Documents/3dsfun/hello/nimcache/@m..@s..@s..@s.nimble@spkgs@spixie-2.1.1@spixie@spaints.nim.c.o (cosf)
/opt/devkitpro/devkitARM/bin/../lib/gcc/arm-none-eabi/10.2.0/../../../../arm-none-eabi/lib/armv6k/fpu/libm.a(lib_a-math_errf.o)
                              /opt/devkitpro/devkitARM/bin/../lib/gcc/arm-none-eabi/10.2.0/../../../../arm-none-eabi/lib/armv6k/fpu/libm.a(lib_a-cosf.o) (__math_invalidf)
/opt/devkitpro/devkitARM/bin/../lib/gcc/arm-none-eabi/10.2.0/../../../../arm-none-eabi/lib/armv6k/fpu/libm.a(lib_a-s_ceil.o)
                              /home/ajusa/Documents/3dsfun/hello/nimcache/@m..@s..@s..@s.nimble@spkgs@spixie-2.1.1@spixie@sfileformats@spng.nim.c.o (ceil)
/opt/devkitpro/devkitARM/bin/../lib/gcc/arm-none-eabi/10.2.0/../../../../arm-none-eabi/lib/armv6k/fpu/libm.a(lib_a-sf_ceil.o)
                              /home/ajusa/Documents/3dsfun/hello/nimcache/@m..@s..@s..@s.nimble@spkgs@spixie-2.1.1@spixie@simages.nim.c.o (ceilf)
/opt/devkitpro/devkitARM/bin/../lib/gcc/arm-none-eabi/10.2.0/../../../../arm-none-eabi/lib/armv6k/fpu/libm.a(lib_a-sf_floor.o)
                              /home/ajusa/Documents/3dsfun/hello/nimcache/@m..@s..@s..@s.nimble@spkgs@spixie-2.1.1@spixie@smasks.nim.c.o (floorf)
/opt/devkitpro/devkitARM/bin/../lib/gcc/arm-none-eabi/10.2.0/../../../../arm-none-eabi/lib/armv6k/fpu/libm.a(lib_a-sf_pow.o)
                              /home/ajusa/Documents/3dsfun/hello/nimcache/@m..@s..@s..@s.nimble@spkgs@spixie-2.1.1@spixie@spaths.nim.c.o (powf)
/opt/devkitpro/devkitARM/bin/../lib/gcc/arm-none-eabi/10.2.0/../../../../arm-none-eabi/lib/armv6k/fpu/libm.a(lib_a-sf_round.o)
                              /home/ajusa/Documents/3dsfun/hello/nimcache/@m..@s..@s..@s.nimble@spkgs@spixie-2.1.1@spixie@smasks.nim.c.o (roundf)
/opt/devkitpro/devkitARM/bin/../lib/gcc/arm-none-eabi/10.2.0/../../../../arm-none-eabi/lib/armv6k/fpu/libm.a(lib_a-sf_trunc.o)
                              /home/ajusa/Documents/3dsfun/hello/nimcache/@m..@s..@s..@s.nimble@spkgs@spixie-2.1.1@spixie@spaths.nim.c.o (truncf)
/opt/devkitpro/devkitARM/bin/../lib/gcc/arm-none-eabi/10.2.0/../../../../arm-none-eabi/lib/armv6k/fpu/libm.a(lib_a-sincosf_data.o)
                              /opt/devkitpro/devkitARM/bin/../lib/gcc/arm-none-eabi/10.2.0/../../../../arm-none-eabi/lib/armv6k/fpu/libm.a(lib_a-cosf.o) (__inv_pio4)
/opt/devkitpro/devkitARM/bin/../lib/gcc/arm-none-eabi/10.2.0/../../../../arm-none-eabi/lib/armv6k/fpu/libm.a(lib_a-sinf.o)
                              /home/ajusa/Documents/3dsfun/hello/nimcache/@m..@s..@s..@s.nimble@spkgs@spixie-2.1.1@spixie@spaints.nim.c.o (sinf)
/opt/devkitpro/devkitARM/bin/../lib/gcc/arm-none-eabi/10.2.0/../../../../arm-none-eabi/lib/armv6k/fpu/libm.a(lib_a-wf_acos.o)
                              /home/ajusa/Documents/3dsfun/hello/nimcache/@m..@s..@s..@s.nimble@spkgs@spixie-2.1.1@spixie@spaths.nim.c.o (acosf)
/opt/devkitpro/devkitARM/bin/../lib/gcc/arm-none-eabi/10.2.0/../../../../arm-none-eabi/lib/armv6k/fpu/libm.a(lib_a-wf_asin.o)
                              /home/ajusa/Documents/3dsfun/hello/nimcache/@m..@s..@s..@s.nimble@spkgs@spixie-2.1.1@spixie@spaths.nim.c.o (asinf)
/opt/devkitpro/devkitARM/bin/../lib/gcc/arm-none-eabi/10.2.0/../../../../arm-none-eabi/lib/armv6k/fpu/libm.a(lib_a-wf_atan2.o)
                              /home/ajusa/Documents/3dsfun/hello/nimcache/@m..@s..@s..@s.nimble@spkgs@spixie-2.1.1@spixie@spaints.nim.c.o (atan2f)
/opt/devkitpro/devkitARM/bin/../lib/gcc/arm-none-eabi/10.2.0/../../../../arm-none-eabi/lib/armv6k/fpu/libm.a(lib_a-w_fmod.o)
                              /home/ajusa/Documents/3dsfun/hello/nimcache/@m..@s..@s..@s.nimble@spkgs@spixie-2.1.1@spixie@spaths.nim.c.o (fmod)
/opt/devkitpro/devkitARM/bin/../lib/gcc/arm-none-eabi/10.2.0/../../../../arm-none-eabi/lib/armv6k/fpu/libm.a(lib_a-wf_sqrt.o)
                              /home/ajusa/Documents/3dsfun/hello/nimcache/@m..@s..@s..@s.nimble@spkgs@spixie-2.1.1@spixie@simages.nim.c.o (sqrtf)
/opt/devkitpro/devkitARM/bin/../lib/gcc/arm-none-eabi/10.2.0/../../../../arm-none-eabi/lib/armv6k/fpu/libm.a(lib_a-ef_acos.o)
                              /opt/devkitpro/devkitARM/bin/../lib/gcc/arm-none-eabi/10.2.0/../../../../arm-none-eabi/lib/armv6k/fpu/libm.a(lib_a-wf_acos.o) (__ieee754_acosf)
/opt/devkitpro/devkitARM/bin/../lib/gcc/arm-none-eabi/10.2.0/../../../../arm-none-eabi/lib/armv6k/fpu/libm.a(lib_a-ef_asin.o)
                              /opt/devkitpro/devkitARM/bin/../lib/gcc/arm-none-eabi/10.2.0/../../../../arm-none-eabi/lib/armv6k/fpu/libm.a(lib_a-wf_asin.o) (__ieee754_asinf)
/opt/devkitpro/devkitARM/bin/../lib/gcc/arm-none-eabi/10.2.0/../../../../arm-none-eabi/lib/armv6k/fpu/libm.a(lib_a-ef_atan2.o)
[...]
Memory Configuration

Name             Origin             Length             Attributes
*default*        0x0000000000000000 0xffffffffffffffff

Linker script and memory map

                0x0000000000100000                PROVIDE (__start__ = 0x100000)
                0x0000000000100000                . = __start__

.text           0x0000000000100000    0xa91e4
 *(.crt0)
 .crt0          0x0000000000100000       0x94 /opt/devkitpro/devkitARM/bin/../lib/gcc/arm-none-eabi/10.2.0/../../../../arm-none-eabi/lib/armv6k/fpu/3dsx_crt0.o
                0x0000000000100000                _start
                0x0000000000100008                __service_ptr
                0x000000000010000c                __apt_appid
                0x0000000000100010                __heap_size
                0x0000000000100014                __linear_heap_size
                0x0000000000100018                __system_arglist
                0x000000000010001c                __system_runflags
 *(.init)
 .init          0x0000000000100094        0xc /opt/devkitpro/devkitARM/bin/../lib/gcc/arm-none-eabi/10.2.0/armv6k/fpu/crti.o
                0x0000000000100094                _init
 .init          0x00000000001000a0        0xc /opt/devkitpro/devkitARM/bin/../lib/gcc/arm-none-eabi/10.2.0/armv6k/fpu/crtn.o
                0x00000000001000ac                . = ALIGN (0x4)
 *(.text)
 .text          0x00000000001000ac      0x20c /opt/devkitpro/devkitARM/bin/../lib/gcc/arm-none-eabi/10.2.0/armv6k/fpu/libgcc.a(_udivsi3.o)
                0x00000000001000ac                __udivsi3
                0x00000000001000ac                __aeabi_uidiv
                0x0000000000100298                __aeabi_uidivmod
 .text          0x00000000001002b8      0x240 /opt/devkitpro/devkitARM/bin/../lib/gcc/arm-none-eabi/10.2.0/armv6k/fpu/libgcc.a(_divsi3.o)
                0x00000000001002b8                __aeabi_idiv
                0x00000000001002b8                __divsi3
                0x00000000001004d8                __aeabi_idivmod
 .text          0x00000000001004f8        0x4 /opt/devkitpro/devkitARM/bin/../lib/gcc/arm-none-eabi/10.2.0/armv6k/fpu/libgcc.a(_dvmd_tls.o)
                0x00000000001004f8                __aeabi_ldiv0
                0x00000000001004f8                __aeabi_idiv0
 .text          0x00000000001004fc      0x3c0 /opt/devkitpro/devkitARM/bin/../lib/gcc/arm-none-eabi/10.2.0/armv6k/fpu/libgcc.a(_arm_addsubdf3.o)
                0x00000000001004fc                __aeabi_drsub
                0x0000000000100504                __aeabi_dsub
                0x0000000000100504                __subdf3
                0x0000000000100508                __adddf3
                0x0000000000100508                __aeabi_dadd
                0x00000000001007b4                __aeabi_ui2d
                0x00000000001007b4                __floatunsidf
                0x00000000001007d8                __floatsidf
                0x00000000001007d8                __aeabi_i2d
                0x0000000000100800                __extendsfdf2
                0x0000000000100800                __aeabi_f2d
                0x0000000000100848                __aeabi_ul2d
                0x0000000000100848                __floatundidf
                0x000000000010085c                __floatdidf
                0x000000000010085c                __aeabi_l2d
 .text          0x00000000001008bc       0xd4 /opt/devkitpro/devkitARM/bin/../lib/gcc/arm-none-eabi/10.2.0/armv6k/fpu/libgcc.a(_aeabi_ldivmod.o)
                0x00000000001008bc                __aeabi_ldivmod
 .text          0x0000000000100990       0x3c /opt/devkitpro/devkitARM/bin/../lib/gcc/arm-none-eabi/10.2.0/armv6k/fpu/libgcc.a(_aeabi_uldivmod.o)
                0x0000000000100990                __aeabi_uldivmod
 *fill*         0x00000000001009cc       0x14 
 .text          0x00000000001009e0      0x390 /opt/devkitpro/devkitARM/bin/../lib/gcc/arm-none-eabi/10.2.0/../../../../arm-none-eabi/lib/armv6k/fpu/libg.a(lib_a-strcmp.o)
                0x00000000001009e8                strcmp
 *(.text.*)
 .text.__do_global_dtors_aux
                0x0000000000100d70       0x40 /opt/devkitpro/devkitARM/bin/../lib/gcc/arm-none-eabi/10.2.0/armv6k/fpu/crtbegin.o
 .text.frame_dummy
                0x0000000000100db0       0x2c /opt/devkitpro/devkitARM/bin/../lib/gcc/arm-none-eabi/10.2.0/armv6k/fpu/crtbegin.o
 .text.raiseAssert__gpGJG5CoQzE64skFd9bPG7A
                0x0000000000100ddc      0x1a8 /home/ajusa/Documents/3dsfun/hello/nimcache/stdlib_assertions.nim.c.o
                0x0000000000100ddc                raiseAssert__gpGJG5CoQzE64skFd9bPG7A
 .text.failedAssertImpl__W9cjVocn1tjhW7p7xohJj6A
                0x0000000000100f84       0xb0 /home/ajusa/Documents/3dsfun/hello/nimcache/stdlib_assertions.nim.c.o
                0x0000000000100f84                failedAssertImpl__W9cjVocn1tjhW7p7xohJj6A
 .text.open__gq12VLhVO0NBzUTnGgz4nw
                0x0000000000101034      0x2dc /home/ajusa/Documents/3dsfun/hello/nimcache/stdlib_io.nim.c.o
                0x0000000000101034                open__gq12VLhVO0NBzUTnGgz4nw
 .text.rawFileSize__2ezUTSmBrmr5VkZNxReTYQ
                0x0000000000101310      0x130 /home/ajusa/Documents/3dsfun/hello/nimcache/stdlib_io.nim.c.o
                0x0000000000101310                rawFileSize__2ezUTSmBrmr5VkZNxReTYQ
 .text.raiseEIO__ZYk14k3sVNZUIjJjtqzFZQ
                0x0000000000101440      0x114 /home/ajusa/Documents/3dsfun/hello/nimcache/stdlib_io.nim.c.o
                0x0000000000101440                raiseEIO__ZYk14k3sVNZUIjJjtqzFZQ
 .text.checkErr__fU6ZlJAtQ9bre04EDZLdGsA_2
                0x0000000000101554      0x380 /home/ajusa/Documents/3dsfun/hello/nimcache/stdlib_io.nim.c.o
                0x0000000000101554                checkErr__fU6ZlJAtQ9bre04EDZLdGsA_2
 *fill*         0x00000000001018d4        0x4 
 .text.readAllBuffer__mQf9blHFlTwuSvJjirhpY6g_2
                0x00000000001018d8      0x354 /home/ajusa/Documents/3dsfun/hello/nimcache/stdlib_io.nim.c.o
                0x00000000001018d8                readAllBuffer__mQf9blHFlTwuSvJjirhpY6g_2
 .text.readAllFile__W4tKfHpbz7kHhikLsBc0EA
                0x0000000000101c2c      0x3cc /home/ajusa/Documents/3dsfun/hello/nimcache/stdlib_io.nim.c.o
                0x0000000000101c2c                readAllFile__W4tKfHpbz7kHhikLsBc0EA
 .text.readAll__mQf9blHFlTwuSvJjirhpY6g
                0x0000000000101ff8      0x188 /home/ajusa/Documents/3dsfun/hello/nimcache/stdlib_io.nim.c.o
                0x0000000000101ff8                readAll__mQf9blHFlTwuSvJjirhpY6g
 .text.readFile__4PGnM9bWmsH0Nu7dnr3XzgA
                0x0000000000102180      0x318 /home/ajusa/Documents/3dsfun/hello/nimcache/stdlib_io.nim.c.o
                0x0000000000102180                readFile__4PGnM9bWmsH0Nu7dnr3XzgA
 .text.eqdestroy___dS1BF3Vxjg9aJMmmhVJKSpQ
                0x0000000000102498       0x1c /home/ajusa/Documents/3dsfun/hello/nimcache/stdlib_system.nim.c.o
                0x0000000000102498                eqdestroy___dS1BF3Vxjg9aJMmmhVJKSpQ
 .text.eqdestroy___4fQQqvAqifkWGVa4g39cI5A
                0x00000000001024b4       0x1c /home/ajusa/Documents/3dsfun/hello/nimcache/stdlib_system.nim.c.o
                0x00000000001024b4                eqdestroy___4fQQqvAqifkWGVa4g39cI5A
 .text.rawNewString
                0x00000000001024d0       0xa8 /home/ajusa/Documents/3dsfun/hello/nimcache/stdlib_system.nim.c.o
                0x00000000001024d0                rawNewString
 .text.raiseRangeErrorI
                0x0000000000102578      0x430 /home/ajusa/Documents/3dsfun/hello/nimcache/stdlib_system.nim.c.o
                0x0000000000102578                raiseRangeErrorI
 .text.writeStackTrace__amVlU9ajqZ06ujoesRBHcDg
                0x00000000001029a8      0x13c /home/ajusa/Documents/3dsfun/hello/nimcache/stdlib_system.nim.c.o
                0x00000000001029a8                writeStackTrace__amVlU9ajqZ06ujoesRBHcDg
 .text.callDepthLimitReached__mMRdr4sgmnykA9aWeM9aDZlw
                0x0000000000102ae4       0x1c /home/ajusa/Documents/3dsfun/hello/nimcache/stdlib_system.nim.c.o
                0x0000000000102ae4                callDepthLimitReached__mMRdr4sgmnykA9aWeM9aDZlw
 .text.alignedDealloc.part.0
                0x0000000000102b00       0xb8 /home/ajusa/Documents/3dsfun/hello/nimcache/stdlib_system.nim.c.o
 .text.alignedDealloc
                0x0000000000102bb8       0xc8 /home/ajusa/Documents/3dsfun/hello/nimcache/stdlib_system.nim.c.o
                0x0000000000102bb8                alignedDealloc
 .text.nimMulInt
                0x0000000000102c80      0x164 /home/ajusa/Documents/3dsfun/hello/nimcache/stdlib_system.nim.c.o
 *fill*         0x0000000000102de4        0x4 
 .text.prepareSeqAdd
                0x0000000000102de8      0xa2c /home/ajusa/Documents/3dsfun/hello/nimcache/stdlib_system.nim.c.o
                0x0000000000102de8                prepareSeqAdd
 .text.auxWriteStackTrace__cEBhPS13dF9bIXoO5ipUApw
                0x0000000000103814      0x1bc /home/ajusa/Documents/3dsfun/hello/nimcache/stdlib_system.nim.c.o
                0x0000000000103814                auxWriteStackTrace__cEBhPS13dF9bIXoO5ipUApw
 .text.raiseOverflow
                0x00000000001039d0      0x15c /home/ajusa/Documents/3dsfun/hello/nimcache/stdlib_system.nim.c.o
                0x00000000001039d0                raiseOverflow
 .text.align__vzThvqZajaR9ct9cQ7SOy1tQ
                0x0000000000103b2c       0xe0 /home/ajusa/Documents/3dsfun/hello/nimcache/stdlib_system.nim.c.o
                0x0000000000103b2c                align__vzThvqZajaR9ct9cQ7SOy1tQ
 .text.nimRawDispose
                0x0000000000103c0c      0x134 /home/ajusa/Documents/3dsfun/hello/nimcache/stdlib_system.nim.c.o
                0x0000000000103c0c                nimRawDispose
 .text.nimDestroyAndDispose
                0x0000000000103d40       0xcc /home/ajusa/Documents/3dsfun/hello/nimcache/stdlib_system.nim.c.o
                0x0000000000103d40                nimDestroyAndDispose
 .text.alignedAlloc0__YbpLWudJqnECYmKZquJKyw.part.0
                0x0000000000103e0c      0x168 /home/ajusa/Documents/3dsfun/hello/nimcache/stdlib_system.nim.c.o
 .text.nimNewObj
                0x0000000000103f74      0x1bc /home/ajusa/Documents/3dsfun/hello/nimcache/stdlib_system.nim.c.o
                0x0000000000103f74                nimNewObj
 .text.newSeqPayload
                0x0000000000104130      0x22c /home/ajusa/Documents/3dsfun/hello/nimcache/stdlib_system.nim.c.o
                0x0000000000104130                newSeqPayload
 .text.alignedAlloc__YbpLWudJqnECYmKZquJKyw_2
                0x000000000010435c      0x178 /home/ajusa/Documents/3dsfun/hello/nimcache/stdlib_system.nim.c.o
                0x000000000010435c                alignedAlloc__YbpLWudJqnECYmKZquJKyw_2
 .text.alignedRealloc0__CUuMVCxdCmrsVspc3L8xgw
                0x00000000001044d4      0x140 /home/ajusa/Documents/3dsfun/hello/nimcache/stdlib_system.nim.c.o
                0x00000000001044d4                alignedRealloc0__CUuMVCxdCmrsVspc3L8xgw
 .text.add__VHIeeMfqavFfKtbV1Wal0Q
                0x0000000000104614      0x104 /home/ajusa/Documents/3dsfun/hello/nimcache/stdlib_system.nim.c.o
                0x0000000000104614                add__VHIeeMfqavFfKtbV1Wal0Q
 .text.prepareAdd
                0x0000000000104718      0x47c /home/ajusa/Documents/3dsfun/hello/nimcache/stdlib_system.nim.c.o
                0x0000000000104718                prepareAdd
 .text.setLengthStrV2
                0x0000000000104b94       0x80 /home/ajusa/Documents/3dsfun/hello/nimcache/stdlib_system.nim.c.o
                0x0000000000104b94                setLengthStrV2
 .text.nimPrepareStrMutationImpl__C0YoABEefTaYbWLv9aVOzZA
                0x0000000000104c14       0xc8 /home/ajusa/Documents/3dsfun/hello/nimcache/stdlib_system.nim.c.o
                0x0000000000104c14                nimPrepareStrMutationImpl__C0YoABEefTaYbWLv9aVOzZA
 .text.appendString
                0x0000000000104cdc       0xac /home/ajusa/Documents/3dsfun/hello/nimcache/stdlib_system.nim.c.o
 .text.alignedAlloc0__YbpLWudJqnECYmKZquJKyw
                0x0000000000104d88      0x17c /home/ajusa/Documents/3dsfun/hello/nimcache/stdlib_system.nim.c.o
                0x0000000000104d88                alignedAlloc0__YbpLWudJqnECYmKZquJKyw
 .text.cstrToNimstr
                0x0000000000104f04       0xd4 /home/ajusa/Documents/3dsfun/hello/nimcache/stdlib_system.nim.c.o
                0x0000000000104f04                cstrToNimstr
 .text.addInt__mftMOxbyu0h4yByfs3sqjA
                0x0000000000104fd8      0x384 /home/ajusa/Documents/3dsfun/hello/nimcache/stdlib_system.nim.c.o
                0x0000000000104fd8                addInt__mftMOxbyu0h4yByfs3sqjA
 .text.nimInt64ToStr
                0x000000000010535c       0xe4 /home/ajusa/Documents/3dsfun/hello/nimcache/stdlib_system.nim.c.o
                0x000000000010535c                nimInt64ToStr
 .text.nimIntToStr
                0x0000000000105440       0xe0 /home/ajusa/Documents/3dsfun/hello/nimcache/stdlib_system.nim.c.o
                0x0000000000105440                nimIntToStr
 .text.eqsink___rR9boD7urcxl7uyUtE46AOA_2
                0x0000000000105520      0x14c /home/ajusa/Documents/3dsfun/hello/nimcache/stdlib_system.nim.c.o
                0x0000000000105520                eqsink___rR9boD7urcxl7uyUtE46AOA_2
 .text.eqdestroy___sUPxfcqVijR0WN3SH4QQ6A
                0x000000000010566c      0x280 /home/ajusa/Documents/3dsfun/hello/nimcache/stdlib_system.nim.c.o
                0x000000000010566c                eqdestroy___sUPxfcqVijR0WN3SH4QQ6A
 .text.eqdestroy___SYSukaUCM8gzz0Sv57LsMA
                0x00000000001058ec      0x280 /home/ajusa/Documents/3dsfun/hello/nimcache/stdlib_system.nim.c.o
                0x00000000001058ec                eqdestroy___SYSukaUCM8gzz0Sv57LsMA
 .text.eqdestroy___nUsMv9ct9cZaqYSn3ctclnHw
                0x0000000000105b6c      0x280 /home/ajusa/Documents/3dsfun/hello/nimcache/stdlib_system.nim.c.o
                0x0000000000105b6c                eqdestroy___nUsMv9ct9cZaqYSn3ctclnHw
 .text.eqdestroy___iXyOdhIrs6C9bvzrDNqxI2g
                0x0000000000105dec      0x280 /home/ajusa/Documents/3dsfun/hello/nimcache/stdlib_system.nim.c.o
                0x0000000000105dec                eqdestroy___iXyOdhIrs6C9bvzrDNqxI2g
 .text.eqdestroy___BO2qxEc1Yf80x0M89aiw9cAQ
                0x000000000010606c      0x280 /home/ajusa/Documents/3dsfun/hello/nimcache/stdlib_system.nim.c.o
                0x000000000010606c                eqdestroy___BO2qxEc1Yf80x0M89aiw9cAQ
 .text.eqdestroy___m9aXcEgj7QiACj9a4nlnnglQ
                0x00000000001062ec      0x280 /home/ajusa/Documents/3dsfun/hello/nimcache/stdlib_system.nim.c.o
                0x00000000001062ec                eqdestroy___m9aXcEgj7QiACj9a4nlnnglQ
 .text.eqdestroy___LZ4ekoCGfhYJ49aM9aFAL7AQ
                0x000000000010656c      0x280 /home/ajusa/Documents/3dsfun/hello/nimcache/stdlib_system.nim.c.o
                0x000000000010656c                eqdestroy___LZ4ekoCGfhYJ49aM9aFAL7AQ
 .text.eqdestroy___QqQK9cw7SrmRs4ZD15qHe9bA
                0x00000000001067ec      0x280 /home/ajusa/Documents/3dsfun/hello/nimcache/stdlib_system.nim.c.o
                0x00000000001067ec                eqdestroy___QqQK9cw7SrmRs4ZD15qHe9bA
 .text.eqdestroy___qRVWt3jIAyom1VkyIWI7tA
                0x0000000000106a6c      0x280 /home/ajusa/Documents/3dsfun/hello/nimcache/stdlib_system.nim.c.o
                0x0000000000106a6c                eqdestroy___qRVWt3jIAyom1VkyIWI7tA
 .text.eqdestroy___vttz8U9aaHVcOkTLV69bskjQ
                0x0000000000106cec      0x280 /home/ajusa/Documents/3dsfun/hello/nimcache/stdlib_system.nim.c.o
                0x0000000000106cec                eqdestroy___vttz8U9aaHVcOkTLV69bskjQ
 .text.eqcopy___rR9boD7urcxl7uyUtE46AOA
                0x0000000000106f6c      0x228 /home/ajusa/Documents/3dsfun/hello/nimcache/stdlib_system.nim.c.o
                0x0000000000106f6c                eqcopy___rR9boD7urcxl7uyUtE46AOA
 .text.showErrorMessage__zsORN9crdKxsL9cHrQcdHSMw
                0x0000000000107194       0xd8 /home/ajusa/Documents/3dsfun/hello/nimcache/stdlib_system.nim.c.o
                0x0000000000107194                showErrorMessage__zsORN9crdKxsL9cHrQcdHSMw
 .text.raiseExceptionAux__na8C8pUZ9cLQWVwk35l5vfw
                0x000000000010726c      0x188 /home/ajusa/Documents/3dsfun/hello/nimcache/stdlib_system.nim.c.o
                0x000000000010726c                raiseExceptionAux__na8C8pUZ9cLQWVwk35l5vfw
 .text.raiseExceptionEx
                0x00000000001073f4       0xb4 /home/ajusa/Documents/3dsfun/hello/nimcache/stdlib_system.nim.c.o
                0x00000000001073f4                raiseExceptionEx
 .text.raiseDivByZero
                0x00000000001074a8      0x15c /home/ajusa/Documents/3dsfun/hello/nimcache/stdlib_system.nim.c.o
                0x00000000001074a8                raiseDivByZero
 *fill*         0x0000000000107604        0x4 
 .text.auxWriteStackTrace__CxE7ORPNkX9cb5SNfDQ2yPQ
                0x0000000000107608      0xa90 /home/ajusa/Documents/3dsfun/hello/nimcache/stdlib_system.nim.c.o
                0x0000000000107608                auxWriteStackTrace__CxE7ORPNkX9cb5SNfDQ2yPQ
 .text.rawWriteStackTrace__LYPY2vdF8PVrf1RSKEqgkA
                0x0000000000108098      0x118 /home/ajusa/Documents/3dsfun/hello/nimcache/stdlib_system.nim.c.o
                0x0000000000108098                rawWriteStackTrace__LYPY2vdF8PVrf1RSKEqgkA
 .text.signalHandler
                0x00000000001081b0      0x188 /home/ajusa/Documents/3dsfun/hello/nimcache/stdlib_system.nim.c.o
                0x00000000001081b0                signalHandler
 .text.eqdestroy___5dgyxO9ayAfnaK1W4xtVU7g
                0x0000000000108338       0x1c /home/ajusa/Documents/3dsfun/hello/nimcache/stdlib_system.nim.c.o
                0x0000000000108338                eqdestroy___5dgyxO9ayAfnaK1W4xtVU7g
 .text.eqsink___h9c1fCMIueLc0WFc674sEYA
                0x0000000000108354       0x4c /home/ajusa/Documents/3dsfun/hello/nimcache/stdlib_system.nim.c.o
                0x0000000000108354                eqsink___h9c1fCMIueLc0WFc674sEYA
 .text.newSeq__kW9awo9bUIW49aJMv2PdsGg0A
                0x00000000001083a0      0x1c8 /home/ajusa/Documents/3dsfun/hello/nimcache/stdlib_system.nim.c.o
                0x00000000001083a0                newSeq__kW9awo9bUIW49aJMv2PdsGg0A
 .text.raiseIndexError2
                0x0000000000108568      0x310 /home/ajusa/Documents/3dsfun/hello/nimcache/stdlib_system.nim.c.o
                0x0000000000108568                raiseIndexError2
 .text.eqeq___wHhrkuAijbCeQsoC4SmKMA
                0x0000000000108878      0x10c /home/ajusa/Documents/3dsfun/hello/nimcache/stdlib_system.nim.c.o
                0x0000000000108878                eqeq___wHhrkuAijbCeQsoC4SmKMA
 .text.mnewString
                0x0000000000108984       0xa4 /home/ajusa/Documents/3dsfun/hello/nimcache/stdlib_system.nim.c.o
                0x0000000000108984                mnewString
 .text.setLen__Ui2KcDWW1rzp9aiQzMHqpuw
                0x0000000000108a28       0x78 /home/ajusa/Documents/3dsfun/hello/nimcache/stdlib_system.nim.c.o
                0x0000000000108a28                setLen__Ui2KcDWW1rzp9aiQzMHqpuw
 .text.eqsink___aBBXmHFBEivKqERloP6zmA
                0x0000000000108aa0       0x58 /home/ajusa/Documents/3dsfun/hello/nimcache/stdlib_system.nim.c.o
                0x0000000000108aa0                eqsink___aBBXmHFBEivKqERloP6zmA
 .text.setLen__hvbnmc4jKL9cpZqBi7YBnTw
                0x0000000000108af8       0x78 /home/ajusa/Documents/3dsfun/hello/nimcache/stdlib_system.nim.c.o
                0x0000000000108af8                setLen__hvbnmc4jKL9cpZqBi7YBnTw
 .text.eqeq___TEg09bGiG7W59aYO0U1gZP8g
                0x0000000000108b70       0xf8 /home/ajusa/Documents/3dsfun/hello/nimcache/stdlib_system.nim.c.o
                0x0000000000108b70                eqeq___TEg09bGiG7W59aYO0U1gZP8g
 .text.eqcopy___aBBXmHFBEivKqERloP6zmA_2
                0x0000000000108c68      0x154 /home/ajusa/Documents/3dsfun/hello/nimcache/stdlib_system.nim.c.o
                0x0000000000108c68                eqcopy___aBBXmHFBEivKqERloP6zmA_2
 .text.raiseRangeErrorNoArgs
                0x0000000000108dbc      0x15c /home/ajusa/Documents/3dsfun/hello/nimcache/stdlib_system.nim.c.o
                0x0000000000108dbc                raiseRangeErrorNoArgs
 .text.newSeq__XSir3OdbhQfBvXkXJS9aoSg
                0x0000000000108f18      0x160 /home/ajusa/Documents/3dsfun/hello/nimcache/stdlib_system.nim.c.o
                0x0000000000108f18                newSeq__XSir3OdbhQfBvXkXJS9aoSg
 .text.add__8ZTJFjFHFI5UYPtXNeg2FQ
                0x0000000000109078       0xec /home/ajusa/Documents/3dsfun/hello/nimcache/stdlib_system.nim.c.o
                0x0000000000109078                add__8ZTJFjFHFI5UYPtXNeg2FQ
 .text.setLen__rxg39bVtnQQQeWaOxehZMvw
                0x0000000000109164       0x74 /home/ajusa/Documents/3dsfun/hello/nimcache/stdlib_system.nim.c.o
                0x0000000000109164                setLen__rxg39bVtnQQQeWaOxehZMvw
 .text.X5BX5D___Kyr39aNcnXyqz84UZKlCSJw
                0x00000000001091d8      0x214 /home/ajusa/Documents/3dsfun/hello/nimcache/stdlib_system.nim.c.o
                0x00000000001091d8                X5BX5D___Kyr39aNcnXyqz84UZKlCSJw
 .text.eqeq___2zLp1m9afo9cZoHAoaVdrCDg
                0x00000000001093ec       0xc8 /home/ajusa/Documents/3dsfun/hello/nimcache/stdlib_system.nim.c.o
                0x00000000001093ec                eqeq___2zLp1m9afo9cZoHAoaVdrCDg
 .text.eqcopy___h9c1fCMIueLc0WFc674sEYA_2
                0x00000000001094b4       0xbc /home/ajusa/Documents/3dsfun/hello/nimcache/stdlib_system.nim.c.o
                0x00000000001094b4                eqcopy___h9c1fCMIueLc0WFc674sEYA_2
 .text.raiseFieldError
                0x0000000000109570      0x160 /home/ajusa/Documents/3dsfun/hello/nimcache/stdlib_system.nim.c.o
                0x0000000000109570                raiseFieldError
 .text.add__dK9ajFgX5RSWQx0eHjjpjSQ
                0x00000000001096d0      0x100 /home/ajusa/Documents/3dsfun/hello/nimcache/stdlib_system.nim.c.o
                0x00000000001096d0                add__dK9ajFgX5RSWQx0eHjjpjSQ
 .text.substr__2yh9cer0ymNRHlOOg8P7IuA
                0x00000000001097d0      0x224 /home/ajusa/Documents/3dsfun/hello/nimcache/stdlib_system.nim.c.o
                0x00000000001097d0                substr__2yh9cer0ymNRHlOOg8P7IuA
 .text.add__n1noU49a59c3SzQ4PiBl0J6w
                0x00000000001099f4       0xec /home/ajusa/Documents/3dsfun/hello/nimcache/stdlib_system.nim.c.o
                0x00000000001099f4                add__n1noU49a59c3SzQ4PiBl0J6w
 .text.cmp__NAicU5bAGXmkx2NJujGi7g
                0x0000000000109ae0       0x80 /home/ajusa/Documents/3dsfun/hello/nimcache/stdlib_system.nim.c.o
                0x0000000000109ae0                cmp__NAicU5bAGXmkx2NJujGi7g
 .text.eqdestroy___0RiuPw9cXhtLB9a2rQ2jA69cg
                0x0000000000109b60       0x90 /home/ajusa/Documents/3dsfun/hello/nimcache/stdlib_system.nim.c.o
                0x0000000000109b60                eqdestroy___0RiuPw9cXhtLB9a2rQ2jA69cg
 .text.shrink__lcqcRcdyEPpjnNwM9aV8JxA
                0x0000000000109bf0      0x130 /home/ajusa/Documents/3dsfun/hello/nimcache/stdlib_system.nim.c.o
                0x0000000000109bf0                shrink__lcqcRcdyEPpjnNwM9aV8JxA
 .text.setLen__jYnKeQjDmpHUiCs1a8y8dA
                0x0000000000109d20       0x80 /home/ajusa/Documents/3dsfun/hello/nimcache/stdlib_system.nim.c.o
                0x0000000000109d20                setLen__jYnKeQjDmpHUiCs1a8y8dA
 .text.eqcopy___r6aagoRVuov7HvfEjIi3Uw
                0x0000000000109da0      0x190 /home/ajusa/Documents/3dsfun/hello/nimcache/stdlib_system.nim.c.o
                0x0000000000109da0                eqcopy___r6aagoRVuov7HvfEjIi3Uw
 .text.raiseObjectConversionError
                0x0000000000109f30      0x15c /home/ajusa/Documents/3dsfun/hello/nimcache/stdlib_system.nim.c.o
                0x0000000000109f30                raiseObjectConversionError
 .text.clamp__hyQgGui0RxAott4YXwjJHQ
                0x000000000010a08c       0x88 /home/ajusa/Documents/3dsfun/hello/nimcache/stdlib_system.nim.c.o
                0x000000000010a08c                clamp__hyQgGui0RxAott4YXwjJHQ
 .text.substr__iGg0RIKceRvsmvq8FUHOEw
                0x000000000010a114      0x2ac /home/ajusa/Documents/3dsfun/hello/nimcache/stdlib_system.nim.c.o
                0x000000000010a114                substr__iGg0RIKceRvsmvq8FUHOEw
 .text.nimParseBiggestFloat
                0x000000000010a3c0      0x97c /home/ajusa/Documents/3dsfun/hello/nimcache/stdlib_system.nim.c.o
                0x000000000010a3c0                nimParseBiggestFloat
 .text.eqdestroy___yJsHZJi5NyaV7IUe8n2jhA
                0x000000000010ad3c       0x1c /home/ajusa/Documents/3dsfun/hello/nimcache/stdlib_system.nim.c.o
                0x000000000010ad3c                eqdestroy___yJsHZJi5NyaV7IUe8n2jhA
 .text.setLen__9brbZB9akdZ6z67Vja6qazXw
                0x000000000010ad58       0x74 /home/ajusa/Documents/3dsfun/hello/nimcache/stdlib_system.nim.c.o
                0x000000000010ad58                setLen__9brbZB9akdZ6z67Vja6qazXw
 .text.eqcopy___yGF9atWloxI3sbCEvYfmYRg
                0x000000000010adcc       0xb4 /home/ajusa/Documents/3dsfun/hello/nimcache/stdlib_system.nim.c.o
                0x000000000010adcc                eqcopy___yGF9atWloxI3sbCEvYfmYRg
 .text.hashString
                0x000000000010ae80       0xd0 /home/ajusa/Documents/3dsfun/hello/nimcache/stdlib_system.nim.c.o
                0x000000000010ae80                hashString
 .text.eqeq___LbxBYiOT86yMnpg6jskAfw
                0x000000000010af50       0xc8 /home/ajusa/Documents/3dsfun/hello/nimcache/stdlib_system.nim.c.o
                0x000000000010af50                eqeq___LbxBYiOT86yMnpg6jskAfw
 .text.add__5toDus4cf9clurzU7uMgNcA
                0x000000000010b018       0xf8 /home/ajusa/Documents/3dsfun/hello/nimcache/stdlib_system.nim.c.o
                0x000000000010b018                add__5toDus4cf9clurzU7uMgNcA
 .text.add__vgR1hJxg9buCGf9cucNSaAOA
                0x000000000010b110      0x108 /home/ajusa/Documents/3dsfun/hello/nimcache/stdlib_system.nim.c.o
                0x000000000010b110                add__vgR1hJxg9buCGf9cucNSaAOA
 .text.shrink__8Gl76aG4II4P5orNFeCUkg
                0x000000000010b218      0x14c /home/ajusa/Documents/3dsfun/hello/nimcache/stdlib_system.nim.c.o
                0x000000000010b218                shrink__8Gl76aG4II4P5orNFeCUkg
 .text.add__eeuDdPRRBG9atqRJvcp75gw
                0x000000000010b364      0x104 /home/ajusa/Documents/3dsfun/hello/nimcache/stdlib_system.nim.c.o
                0x000000000010b364                add__eeuDdPRRBG9atqRJvcp75gw
 .text.X5BX5D___vGRBqLCMxuTh3yW7MdTG9bA
                0x000000000010b468      0x210 /home/ajusa/Documents/3dsfun/hello/nimcache/stdlib_system.nim.c.o
                0x000000000010b468                X5BX5D___vGRBqLCMxuTh3yW7MdTG9bA
 .text.add__28yNbX9b4EMwiZ6qhOQs0Og
                0x000000000010b678      0x104 /home/ajusa/Documents/3dsfun/hello/nimcache/stdlib_system.nim.c.o
                0x000000000010b678                add__28yNbX9b4EMwiZ6qhOQs0Og
 .text.add__D7p5qb49aFesFStOcTFhwrA
                0x000000000010b77c      0x100 /home/ajusa/Documents/3dsfun/hello/nimcache/stdlib_system.nim.c.o
                0x000000000010b77c                add__D7p5qb49aFesFStOcTFhwrA
 *fill*         0x000000000010b87c        0x4 
 .text.newSeq__9a2D9bNUx2JtPH3ga8qmt9caA
                0x000000000010b880      0x1c8 /home/ajusa/Documents/3dsfun/hello/nimcache/stdlib_system.nim.c.o
                0x000000000010b880                newSeq__9a2D9bNUx2JtPH3ga8qmt9caA
 .text.clamp__x1vfln1AgRaYbY79c1zqkYQ
                0x000000000010ba48       0x90 /home/ajusa/Documents/3dsfun/hello/nimcache/stdlib_system.nim.c.o
                0x000000000010ba48                clamp__x1vfln1AgRaYbY79c1zqkYQ
 .text.eqeq___dyG1uCXHOee5gG1q3LCppQ
                0x000000000010bad8      0x188 /home/ajusa/Documents/3dsfun/hello/nimcache/stdlib_system.nim.c.o
                0x000000000010bad8                eqeq___dyG1uCXHOee5gG1q3LCppQ
 .text.add__ILnktejNWZzRdVUO0spRxA
                0x000000000010bc60      0x120 /home/ajusa/Documents/3dsfun/hello/nimcache/stdlib_system.nim.c.o
                0x000000000010bc60                add__ILnktejNWZzRdVUO0spRxA
 .text.high__2LByZLKHhqUq509ccwKTYEg
                0x000000000010bd80       0x84 /home/ajusa/Documents/3dsfun/hello/nimcache/stdlib_system.nim.c.o
                0x000000000010bd80                high__2LByZLKHhqUq509ccwKTYEg
 .text.low__2LByZLKHhqUq509ccwKTYEg_2
                0x000000000010be04       0x88 /home/ajusa/Documents/3dsfun/hello/nimcache/stdlib_system.nim.c.o
                0x000000000010be04                low__2LByZLKHhqUq509ccwKTYEg_2
 .text.shrink__fEuPamwZFl8cc7CytWjKvA
                0x000000000010be8c      0x148 /home/ajusa/Documents/3dsfun/hello/nimcache/stdlib_system.nim.c.o
                0x000000000010be8c                shrink__fEuPamwZFl8cc7CytWjKvA
 .text.setLen__Pq9c9cF1hcnHyh72iGTij63g
                0x000000000010bfd4       0x80 /home/ajusa/Documents/3dsfun/hello/nimcache/stdlib_system.nim.c.o
                0x000000000010bfd4                setLen__Pq9c9cF1hcnHyh72iGTij63g
 .text.clamp__ki9cWZDkVoHvduwMx6APTOA
                0x000000000010c054       0x88 /home/ajusa/Documents/3dsfun/hello/nimcache/stdlib_system.nim.c.o
                0x000000000010c054                clamp__ki9cWZDkVoHvduwMx6APTOA
 *fill*         0x000000000010c0dc        0x4 
 .text.newSeq__fl1OvHkqNccASDKoJFWiMw
                0x000000000010c0e0      0x1c8 /home/ajusa/Documents/3dsfun/hello/nimcache/stdlib_system.nim.c.o
                0x000000000010c0e0                newSeq__fl1OvHkqNccASDKoJFWiMw
 .text.setLen__xzAFK6DJFku1RH9ceraBSHA
                0x000000000010c2a8       0x78 /home/ajusa/Documents/3dsfun/hello/nimcache/stdlib_system.nim.c.o
                0x000000000010c2a8                setLen__xzAFK6DJFku1RH9ceraBSHA
 .text.min__IFnEJZdQqJZzPGASfjjCfQ
                0x000000000010c320       0x58 /home/ajusa/Documents/3dsfun/hello/nimcache/stdlib_system.nim.c.o
                0x000000000010c320                min__IFnEJZdQqJZzPGASfjjCfQ
 .text.max__IFnEJZdQqJZzPGASfjjCfQ_2
                0x000000000010c378       0x58 /home/ajusa/Documents/3dsfun/hello/nimcache/stdlib_system.nim.c.o
                0x000000000010c378                max__IFnEJZdQqJZzPGASfjjCfQ_2
 .text.setLen__bB7CS1HyOv4nm7EjKS5uNQ
                0x000000000010c3d0       0x78 /home/ajusa/Documents/3dsfun/hello/nimcache/stdlib_system.nim.c.o
                0x000000000010c3d0                setLen__bB7CS1HyOv4nm7EjKS5uNQ
 .text.add__d6QVk57XB42id9bWXWDpHhw
                0x000000000010c448      0x200 /home/ajusa/Documents/3dsfun/hello/nimcache/stdlib_system.nim.c.o
                0x000000000010c448                add__d6QVk57XB42id9bWXWDpHhw
 .text.shrink__9c866xhl2xNKDdM9ci9cqWTMA
                0x000000000010c648      0x144 /home/ajusa/Documents/3dsfun/hello/nimcache/stdlib_system.nim.c.o
                0x000000000010c648                shrink__9c866xhl2xNKDdM9ci9cqWTMA
 .text.setLen__JRjwtyte9arFsyje0NiJCoQ
                0x000000000010c78c       0x80 /home/ajusa/Documents/3dsfun/hello/nimcache/stdlib_system.nim.c.o
                0x000000000010c78c                setLen__JRjwtyte9arFsyje0NiJCoQ
 .text.add__Xt09bLg3nipNzvF3u4Bnfdg
                0x000000000010c80c      0x1bc /home/ajusa/Documents/3dsfun/hello/nimcache/stdlib_system.nim.c.o
                0x000000000010c80c                add__Xt09bLg3nipNzvF3u4Bnfdg
 .text.add__G9ckPsAUJqI89bnQ9cZhUVKTg
                0x000000000010c9c8       0xf0 /home/ajusa/Documents/3dsfun/hello/nimcache/stdlib_system.nim.c.o
                0x000000000010c9c8                add__G9ckPsAUJqI89bnQ9cZhUVKTg
 .text.shrink__Chf9aWzcWPWuhdo0TcmCkFQ
                0x000000000010cab8      0x140 /home/ajusa/Documents/3dsfun/hello/nimcache/stdlib_system.nim.c.o
                0x000000000010cab8                shrink__Chf9aWzcWPWuhdo0TcmCkFQ
 .text.setLen__wyxMxuhniVtoi1OJd6dVeQ
                0x000000000010cbf8       0x80 /home/ajusa/Documents/3dsfun/hello/nimcache/stdlib_system.nim.c.o
                0x000000000010cbf8                setLen__wyxMxuhniVtoi1OJd6dVeQ
 .text.add__IA02Jao4EQdOAleuynn9aMA
                0x000000000010cc78      0x100 /home/ajusa/Documents/3dsfun/hello/nimcache/stdlib_system.nim.c.o
                0x000000000010cc78                add__IA02Jao4EQdOAleuynn9aMA
 .text.setLen__Zin5E68I9a0XBOxxA6Dbi6g
                0x000000000010cd78       0x74 /home/ajusa/Documents/3dsfun/hello/nimcache/stdlib_system.nim.c.o
                0x000000000010cd78                setLen__Zin5E68I9a0XBOxxA6Dbi6g
 .text.add__bG9aWU9a8q9cjsGRgM9cpnPyqA
                0x000000000010cdec      0x204 /home/ajusa/Documents/3dsfun/hello/nimcache/stdlib_system.nim.c.o
                0x000000000010cdec                add__bG9aWU9a8q9cjsGRgM9cpnPyqA
 .text.amp___DOwaO9ahwc8VSnbbZPk0hYQ
                0x000000000010cff0      0x31c /home/ajusa/Documents/3dsfun/hello/nimcache/stdlib_system.nim.c.o
                0x000000000010cff0                amp___DOwaO9ahwc8VSnbbZPk0hYQ
 .text.setLen__WNpO7Ksj5ZAmVc8uatVU9aQ
                0x000000000010d30c       0x78 /home/ajusa/Documents/3dsfun/hello/nimcache/stdlib_system.nim.c.o
                0x000000000010d30c                setLen__WNpO7Ksj5ZAmVc8uatVU9aQ
 .text.eqdestroy___PO5RoGWqWSWYhLhq9cAzt2Q
                0x000000000010d384       0x1c /home/ajusa/Documents/3dsfun/hello/nimcache/stdlib_system.nim.c.o
                0x000000000010d384                eqdestroy___PO5RoGWqWSWYhLhq9cAzt2Q
 .text.add__9cH9aYyLGnyCvjwoLVbygUrQ
                0x000000000010d3a0      0x10c /home/ajusa/Documents/3dsfun/hello/nimcache/stdlib_system.nim.c.o
                0x000000000010d3a0                add__9cH9aYyLGnyCvjwoLVbygUrQ
 .text.shrink__5WRAcf6blUWRwHje7ygdxA
                0x000000000010d4ac      0x148 /home/ajusa/Documents/3dsfun/hello/nimcache/stdlib_system.nim.c.o
                0x000000000010d4ac                shrink__5WRAcf6blUWRwHje7ygdxA
 .text.eqsink___yGF9atWloxI3sbCEvYfmYRg_2
                0x000000000010d5f4       0x4c /home/ajusa/Documents/3dsfun/hello/nimcache/stdlib_system.nim.c.o
                0x000000000010d5f4                eqsink___yGF9atWloxI3sbCEvYfmYRg_2
 .text.dollar___liwwu6qv5HyRiFI58oBO0g
                0x000000000010d640     0x11e4 /home/ajusa/Documents/3dsfun/hello/nimcache/stdlib_system.nim.c.o
                0x000000000010d640                dollar___liwwu6qv5HyRiFI58oBO0g
 .text.reportUnhandledErrorAux__na8C8pUZ9cLQWVwk35l5vfw_3
                0x000000000010e824      0x4f0 /home/ajusa/Documents/3dsfun/hello/nimcache/stdlib_system.nim.c.o
                0x000000000010e824                reportUnhandledErrorAux__na8C8pUZ9cLQWVwk35l5vfw_3
 .text.nimTestErrorFlag
                0x000000000010ed14       0x58 /home/ajusa/Documents/3dsfun/hello/nimcache/stdlib_system.nim.c.o
                0x000000000010ed14                nimTestErrorFlag
 .text.systemInit000
                0x000000000010ed6c       0x54 /home/ajusa/Documents/3dsfun/hello/nimcache/stdlib_system.nim.c.o
                0x000000000010ed6c                systemInit000
 .text.systemDatInit000
                0x000000000010edc0      0x19c /home/ajusa/Documents/3dsfun/hello/nimcache/stdlib_system.nim.c.o
                0x000000000010edc0                systemDatInit000
 .text.integerOutOfRangeError__urgsblG9a8f3sSX4FE53fig
                0x000000000010ef5c      0x100 /home/ajusa/Documents/3dsfun/hello/nimcache/stdlib_parseutils.nim.c.o
                0x000000000010ef5c                integerOutOfRangeError__urgsblG9a8f3sSX4FE53fig
 *fill*         0x000000000010f05c        0x4 
 .text.rawParseInt__oz568vhg7PZ19ak9aiwQxGYw
                0x000000000010f060      0x7ec /home/ajusa/Documents/3dsfun/hello/nimcache/stdlib_parseutils.nim.c.o
                0x000000000010f060                rawParseInt__oz568vhg7PZ19ak9aiwQxGYw
 .text.npuParseInt
                0x000000000010f84c      0x27c /home/ajusa/Documents/3dsfun/hello/nimcache/stdlib_parseutils.nim.c.o
                0x000000000010f84c                npuParseInt
 .text.npuParseFloat
                0x000000000010fac8       0xdc /home/ajusa/Documents/3dsfun/hello/nimcache/stdlib_parseutils.nim.c.o
                0x000000000010fac8                npuParseFloat
 .text.nimPrepareStrMutationV2
                0x000000000010fba4       0x1c /home/ajusa/Documents/3dsfun/hello/nimcache/stdlib_unicode.nim.c.o
 .text.nuctoUTF8
                0x000000000010fbc0      0xafc /home/ajusa/Documents/3dsfun/hello/nimcache/stdlib_unicode.nim.c.o
                0x000000000010fbc0                nuctoUTF8
 .text.roof___v0uQJxn7uc3YIULEwFr5jQ
                0x00000000001106bc      0x24c /home/ajusa/Documents/3dsfun/hello/nimcache/stdlib_math.nim.c.o
                0x00000000001106bc                roof___v0uQJxn7uc3YIULEwFr5jQ
 .text.roof___M1yk6GvJhRrReRZgYouX8g
                0x0000000000110908      0xaf0 /home/ajusa/Documents/3dsfun/hello/nimcache/stdlib_math.nim.c.o
                0x0000000000110908                roof___M1yk6GvJhRrReRZgYouX8g
 .text.appendString
                0x00000000001113f8       0xac /home/ajusa/Documents/3dsfun/hello/nimcache/stdlib_strutils.nim.c.o
 .text.invalidFormatString__8vOMwvNB8blLQSoRXfInAg
                0x00000000001114a4      0x100 /home/ajusa/Documents/3dsfun/hello/nimcache/stdlib_strutils.nim.c.o
                0x00000000001114a4                invalidFormatString__8vOMwvNB8blLQSoRXfInAg
 .text.nsuCmpIgnoreStyle
                0x00000000001115a4      0x29c /home/ajusa/Documents/3dsfun/hello/nimcache/stdlib_strutils.nim.c.o
                0x00000000001115a4                nsuCmpIgnoreStyle
 .text.findNormalized__7LxW6wQxHkQGOeaPw6nEjQ
                0x0000000000111840      0x148 /home/ajusa/Documents/3dsfun/hello/nimcache/stdlib_strutils.nim.c.o
                0x0000000000111840                findNormalized__7LxW6wQxHkQGOeaPw6nEjQ
 .text.nsuAddf  0x0000000000111988     0x100c /home/ajusa/Documents/3dsfun/hello/nimcache/stdlib_strutils.nim.c.o
                0x0000000000111988                nsuAddf
 .text.nsuFormatOpenArray
                0x0000000000112994      0x164 /home/ajusa/Documents/3dsfun/hello/nimcache/stdlib_strutils.nim.c.o
                0x0000000000112994                nsuFormatOpenArray
 .text.nsuCmpIgnoreCase
                0x0000000000112af8      0x2fc /home/ajusa/Documents/3dsfun/hello/nimcache/stdlib_strutils.nim.c.o
                0x0000000000112af8                nsuCmpIgnoreCase
 .text.substrEq__j9cV2etErVMSmPQq9c7wu9a1A
                0x0000000000112df4      0x19c /home/ajusa/Documents/3dsfun/hello/nimcache/stdlib_strutils.nim.c.o
                0x0000000000112df4                substrEq__j9cV2etErVMSmPQq9c7wu9a1A
 .text.nsuSplitString
                0x0000000000112f90      0x348 /home/ajusa/Documents/3dsfun/hello/nimcache/stdlib_strutils.nim.c.o
                0x0000000000112f90                nsuSplitString
 .text.nsuParseInt
                0x00000000001132d8      0x244 /home/ajusa/Documents/3dsfun/hello/nimcache/stdlib_strutils.nim.c.o
                0x00000000001132d8                nsuParseInt
 .text.nsuStrip
                0x000000000011351c      0x210 /home/ajusa/Documents/3dsfun/hello/nimcache/stdlib_strutils.nim.c.o
                0x000000000011351c                nsuStrip
 .text.nsuFindChar
                0x000000000011372c      0x1e4 /home/ajusa/Documents/3dsfun/hello/nimcache/stdlib_strutils.nim.c.o
                0x000000000011372c                nsuFindChar
 .text.nsuInitSkipTable
                0x0000000000113910      0x1e0 /home/ajusa/Documents/3dsfun/hello/nimcache/stdlib_strutils.nim.c.o
                0x0000000000113910                nsuInitSkipTable
 .text.nsuFindStrA
                0x0000000000113af0      0x2a4 /home/ajusa/Documents/3dsfun/hello/nimcache/stdlib_strutils.nim.c.o
                0x0000000000113af0                nsuFindStrA
 *fill*         0x0000000000113d94        0x4 
 .text.nsuReplaceStr
                0x0000000000113d98      0x950 /home/ajusa/Documents/3dsfun/hello/nimcache/stdlib_strutils.nim.c.o
                0x0000000000113d98                nsuReplaceStr
 .text.nsuSplitChar
                0x00000000001146e8      0x2c8 /home/ajusa/Documents/3dsfun/hello/nimcache/stdlib_strutils.nim.c.o
                0x00000000001146e8                nsuSplitChar
 .text.nsuParseFloat
                0x00000000001149b0      0x244 /home/ajusa/Documents/3dsfun/hello/nimcache/stdlib_strutils.nim.c.o
                0x00000000001149b0                nsuParseFloat
 .text.nsuToLowerAsciiStr
                0x0000000000114bf4      0x27c /home/ajusa/Documents/3dsfun/hello/nimcache/stdlib_strutils.nim.c.o
                0x0000000000114bf4                nsuToLowerAsciiStr
 .text.nsuEndsWith
                0x0000000000114e70      0x1e8 /home/ajusa/Documents/3dsfun/hello/nimcache/stdlib_strutils.nim.c.o
                0x0000000000114e70                nsuEndsWith
 .text.nsuReplaceChar
                0x0000000000115058      0x200 /home/ajusa/Documents/3dsfun/hello/nimcache/stdlib_strutils.nim.c.o
                0x0000000000115058                nsuReplaceChar
 .text.nsuFindStr
                0x0000000000115258      0x160 /home/ajusa/Documents/3dsfun/hello/nimcache/stdlib_strutils.nim.c.o
                0x0000000000115258                nsuFindStr
 .text.nsuStartsWith
                0x00000000001153b8      0x10c /home/ajusa/Documents/3dsfun/hello/nimcache/stdlib_strutils.nim.c.o
                0x00000000001153b8                nsuStartsWith
 .text.contains__KV0xCsBzaN9coqb7PG9au0oQ
                0x00000000001154c4       0xf4 /home/ajusa/Documents/3dsfun/hello/nimcache/stdlib_strutils.nim.c.o
                0x00000000001154c4                contains__KV0xCsBzaN9coqb7PG9au0oQ
 .text.eqdestroy___fuDIwUKULaLsMEjZNnULvA
                0x00000000001155b8       0x20 /home/ajusa/Documents/3dsfun/hello/nimcache/@m..@s..@s..@s.nimble@spkgs@sbumpy-1.0.3@sbumpy.nim.c.o
                0x00000000001155b8                eqdestroy___fuDIwUKULaLsMEjZNnULvA
 .text.eqsink___kuY28BO27hAjaDuPNv44zg
                0x00000000001155d8       0x5c /home/ajusa/Documents/3dsfun/hello/nimcache/@m..@s..@s..@s.nimble@spkgs@sbumpy-1.0.3@sbumpy.nim.c.o
                0x00000000001155d8                eqsink___kuY28BO27hAjaDuPNv44zg
 .text.eqcopy___kuY28BO27hAjaDuPNv44zg_2
                0x0000000000115634       0x68 /home/ajusa/Documents/3dsfun/hello/nimcache/@m..@s..@s..@s.nimble@spkgs@sbumpy-1.0.3@sbumpy.nim.c.o
                0x0000000000115634                eqcopy___kuY28BO27hAjaDuPNv44zg_2
 *fill*         0x000000000011569c        0x4 
 .text.murmurHash__CiCiZV9c7F9alrF1xV3QD1ag
                0x00000000001156a0      0x584 /home/ajusa/Documents/3dsfun/hello/nimcache/stdlib_hashes.nim.c.o
                0x00000000001156a0                murmurHash__CiCiZV9c7F9alrF1xV3QD1ag
 .text.hash__6PCYkKlCNhq9cnRLnqWKkwQ
                0x0000000000115c24       0xc4 /home/ajusa/Documents/3dsfun/hello/nimcache/stdlib_hashes.nim.c.o
                0x0000000000115c24                hash__6PCYkKlCNhq9cnRLnqWKkwQ
 .text.hashIgnoreCase__6PCYkKlCNhq9cnRLnqWKkwQ_2
                0x0000000000115ce8      0x350 /home/ajusa/Documents/3dsfun/hello/nimcache/stdlib_hashes.nim.c.o
                0x0000000000115ce8                hashIgnoreCase__6PCYkKlCNhq9cnRLnqWKkwQ_2
 .text.hashIgnoreStyle__6PCYkKlCNhq9cnRLnqWKkwQ_3
                0x0000000000116038      0x23c /home/ajusa/Documents/3dsfun/hello/nimcache/stdlib_hashes.nim.c.o
                0x0000000000116038                hashIgnoreStyle__6PCYkKlCNhq9cnRLnqWKkwQ_3
 .text.contains__jfu7YhocwCbJO4yDUY5Tmg
                0x0000000000116274      0x544 /home/ajusa/Documents/3dsfun/hello/nimcache/stdlib_tables.nim.c.o
                0x0000000000116274                contains__jfu7YhocwCbJO4yDUY5Tmg
 .text.X5BX5D___jKsezjD9cBG8s9cuiImQaXdg
                0x00000000001167b8      0x694 /home/ajusa/Documents/3dsfun/hello/nimcache/stdlib_tables.nim.c.o
                0x00000000001167b8                X5BX5D___jKsezjD9cBG8s9cuiImQaXdg
 .text.eqdestroy___VPeQJGj89atGez9bagikaJYA
                0x0000000000116e4c       0x70 /home/ajusa/Documents/3dsfun/hello/nimcache/stdlib_tables.nim.c.o
                0x0000000000116e4c                eqdestroy___VPeQJGj89atGez9bagikaJYA
 .text.eqdestroy___VDEcnqToHe8BCxt9at0Ss1Q
                0x0000000000116ebc       0x20 /home/ajusa/Documents/3dsfun/hello/nimcache/stdlib_tables.nim.c.o
                0x0000000000116ebc                eqdestroy___VDEcnqToHe8BCxt9at0Ss1Q
 .text.eqdestroy___fSdYwqeRXWDAsqq9am6pJ4A
                0x0000000000116edc       0x20 /home/ajusa/Documents/3dsfun/hello/nimcache/stdlib_tables.nim.c.o
                0x0000000000116edc                eqdestroy___fSdYwqeRXWDAsqq9am6pJ4A
 .text.eqdestroy___vSFF5di2rxHNp9c4h3qccgw
                0x0000000000116efc       0x20 /home/ajusa/Documents/3dsfun/hello/nimcache/stdlib_tables.nim.c.o
                0x0000000000116efc                eqdestroy___vSFF5di2rxHNp9c4h3qccgw
 .text.eqdestroy___ogHPl34rquRd5lvyjRgO6A
                0x0000000000116f1c       0x20 /home/ajusa/Documents/3dsfun/hello/nimcache/stdlib_tables.nim.c.o
                0x0000000000116f1c                eqdestroy___ogHPl34rquRd5lvyjRgO6A
 .text.eqdestroy___OW6yBYKJn5Nr9cUJqbdZG3g
                0x0000000000116f3c       0x20 /home/ajusa/Documents/3dsfun/hello/nimcache/stdlib_tables.nim.c.o
                0x0000000000116f3c                eqdestroy___OW6yBYKJn5Nr9cUJqbdZG3g
 .text.eqdestroy___9ctIdmXO7gWA9a2peVO5mqwg
                0x0000000000116f5c       0x60 /home/ajusa/Documents/3dsfun/hello/nimcache/stdlib_tables.nim.c.o
                0x0000000000116f5c                eqdestroy___9ctIdmXO7gWA9a2peVO5mqwg
 .text.eqdestroy___q0rTh0QEQnsptYYT4Vrl4Q
                0x0000000000116fbc       0x20 /home/ajusa/Documents/3dsfun/hello/nimcache/stdlib_tables.nim.c.o
                0x0000000000116fbc                eqdestroy___q0rTh0QEQnsptYYT4Vrl4Q
 .text.eqdestroy___MDVKnwVysj5m4IcEVAlB2g
                0x0000000000116fdc       0x20 /home/ajusa/Documents/3dsfun/hello/nimcache/stdlib_tables.nim.c.o
                0x0000000000116fdc                eqdestroy___MDVKnwVysj5m4IcEVAlB2g
 .text.eqdestroy___J9cA7Ck6Q9astadg9b6x1Vlcg
                0x0000000000116ffc      0x32c /home/ajusa/Documents/3dsfun/hello/nimcache/@m..@s..@s..@s.nimble@spkgs@schroma-0.2.5@schroma@scolortypes.nim.c.o
                0x0000000000116ffc                eqdestroy___J9cA7Ck6Q9astadg9b6x1Vlcg
 .text.chroma_colortypesDatInit000
                0x0000000000117328       0x3c /home/ajusa/Documents/3dsfun/hello/nimcache/@m..@s..@s..@s.nimble@spkgs@schroma-0.2.5@schroma@scolortypes.nim.c.o
                0x0000000000117328                chroma_colortypesDatInit000
 .text.c2n__9a9ckDDNmRfkw9bsCsDwiWlPA
                0x0000000000117364      0x184 /home/ajusa/Documents/3dsfun/hello/nimcache/@m..@s..@s..@s.nimble@spkgs@schroma-0.2.5@schroma.nim.c.o
                0x0000000000117364                c2n__9a9ckDDNmRfkw9bsCsDwiWlPA
 .text.parseHtmlHexTiny__Dwhft9bHR49c8iKWdTuTp8pg
                0x00000000001174e8      0x268 /home/ajusa/Documents/3dsfun/hello/nimcache/@m..@s..@s..@s.nimble@spkgs@schroma-0.2.5@schroma.nim.c.o
                0x00000000001174e8                parseHtmlHexTiny__Dwhft9bHR49c8iKWdTuTp8pg
 .text.parseHex__Dwhft9bHR49c8iKWdTuTp8pg_3
                0x0000000000117750      0x758 /home/ajusa/Documents/3dsfun/hello/nimcache/@m..@s..@s..@s.nimble@spkgs@schroma-0.2.5@schroma.nim.c.o
                0x0000000000117750                parseHex__Dwhft9bHR49c8iKWdTuTp8pg_3
 .text.parseHtmlHex__Dwhft9bHR49c8iKWdTuTp8pg_2
                0x0000000000117ea8      0x40c /home/ajusa/Documents/3dsfun/hello/nimcache/@m..@s..@s..@s.nimble@spkgs@schroma-0.2.5@schroma.nim.c.o
                0x0000000000117ea8                parseHtmlHex__Dwhft9bHR49c8iKWdTuTp8pg_2
 *fill*         0x00000000001182b4        0x4 
 .text.parseHtmlRgba__zQ39a9aFjMH3asbMgZURENeA
                0x00000000001182b8      0xbf4 /home/ajusa/Documents/3dsfun/hello/nimcache/@m..@s..@s..@s.nimble@spkgs@schroma-0.2.5@schroma.nim.c.o
                0x00000000001182b8                parseHtmlRgba__zQ39a9aFjMH3asbMgZURENeA
 *fill*         0x0000000000118eac        0x4 
 .text.parseHtmlRgb__zQ39a9aFjMH3asbMgZURENeA_2
                0x0000000000118eb0      0xb68 /home/ajusa/Documents/3dsfun/hello/nimcache/@m..@s..@s..@s.nimble@spkgs@schroma-0.2.5@schroma.nim.c.o
                0x0000000000118eb0                parseHtmlRgb__zQ39a9aFjMH3asbMgZURENeA_2
 .text.parseHtmlName__zQ39a9aFjMH3asbMgZURENeA_3
                0x0000000000119a18      0x270 /home/ajusa/Documents/3dsfun/hello/nimcache/@m..@s..@s..@s.nimble@spkgs@schroma-0.2.5@schroma.nim.c.o
                0x0000000000119a18                parseHtmlName__zQ39a9aFjMH3asbMgZURENeA_3
 .text.parseHtmlColor__cbfzx9bIFAdlqAUtIu5qlfQ
                0x0000000000119c88      0xa2c /home/ajusa/Documents/3dsfun/hello/nimcache/@m..@s..@s..@s.nimble@spkgs@schroma-0.2.5@schroma.nim.c.o
                0x0000000000119c88                parseHtmlColor__cbfzx9bIFAdlqAUtIu5qlfQ
 *fill*         0x000000000011a6b4        0x4 
 .text.mix__YZ5zwkojTS2sU63G1Iq9cwA
                0x000000000011a6b8      0x3c0 /home/ajusa/Documents/3dsfun/hello/nimcache/@m..@s..@s..@s.nimble@spkgs@schroma-0.2.5@schroma.nim.c.o
                0x000000000011a6b8                mix__YZ5zwkojTS2sU63G1Iq9cwA
 .text.eqdestroy___jRNYDn5dBYBSRqE2dVP9aOQ
                0x000000000011aa78       0x20 /home/ajusa/Documents/3dsfun/hello/nimcache/@m..@s..@s..@s.nimble@spkgs@sflatty-0.2.2@sflatty@sbinny.nim.c.o
                0x000000000011aa78                eqdestroy___jRNYDn5dBYBSRqE2dVP9aOQ
 .text.eqsink___dSY9c9c9a4PoRlE5D9cmJV9aUJQ
                0x000000000011aa98       0x5c /home/ajusa/Documents/3dsfun/hello/nimcache/@m..@s..@s..@s.nimble@spkgs@sflatty-0.2.2@sflatty@sbinny.nim.c.o
                0x000000000011aa98                eqsink___dSY9c9c9a4PoRlE5D9cmJV9aUJQ
 .text.eqcopy___dSY9c9c9a4PoRlE5D9cmJV9aUJQ_2
                0x000000000011aaf4       0x48 /home/ajusa/Documents/3dsfun/hello/nimcache/@m..@s..@s..@s.nimble@spkgs@sflatty-0.2.2@sflatty@sbinny.nim.c.o
                0x000000000011aaf4                eqcopy___dSY9c9c9a4PoRlE5D9cmJV9aUJQ_2
 .text.eqdestroy___9aP5Lc89c9blnz62B9bTRSar9ag
                0x000000000011ab3c      0x32c /home/ajusa/Documents/3dsfun/hello/nimcache/@m..@s..@s..@s.nimble@spkgs@spixie-2.1.1@spixie@scommon.nim.c.o
                0x000000000011ab3c                eqdestroy___9aP5Lc89c9blnz62B9bTRSar9ag
 .text.pixie_commonDatInit000
                0x000000000011ae68       0x3c /home/ajusa/Documents/3dsfun/hello/nimcache/@m..@s..@s..@s.nimble@spkgs@spixie-2.1.1@spixie@scommon.nim.c.o
                0x000000000011ae68                pixie_commonDatInit000
 .text.maskOverwrite__05nZP3trOOvaoJL7gwV34w_3
                0x000000000011aea4       0x94 /home/ajusa/Documents/3dsfun/hello/nimcache/@m..@s..@s..@s.nimble@spkgs@spixie-2.1.1@spixie@sblends.nim.c.o
                0x000000000011aea4                maskOverwrite__05nZP3trOOvaoJL7gwV34w_3
 .text.maskMask__05nZP3trOOvaoJL7gwV34w_2
                0x000000000011af38       0x9c /home/ajusa/Documents/3dsfun/hello/nimcache/@m..@s..@s..@s.nimble@spkgs@spixie-2.1.1@spixie@sblends.nim.c.o
                0x000000000011af38                maskMask__05nZP3trOOvaoJL7gwV34w_2
 .text.maskSubtract__05nZP3trOOvaoJL7gwV34w_4
                0x000000000011afd4       0xa4 /home/ajusa/Documents/3dsfun/hello/nimcache/@m..@s..@s..@s.nimble@spkgs@spixie-2.1.1@spixie@sblends.nim.c.o
                0x000000000011afd4                maskSubtract__05nZP3trOOvaoJL7gwV34w_4
 .text.blendOverwrite__IqUD9bXCyAFOyIupuH2jVZg_18
                0x000000000011b078       0x98 /home/ajusa/Documents/3dsfun/hello/nimcache/@m..@s..@s..@s.nimble@spkgs@spixie-2.1.1@spixie@sblends.nim.c.o
                0x000000000011b078                blendOverwrite__IqUD9bXCyAFOyIupuH2jVZg_18
 .text.maskExclude__05nZP3trOOvaoJL7gwV34w_5
                0x000000000011b110       0xa0 /home/ajusa/Documents/3dsfun/hello/nimcache/@m..@s..@s..@s.nimble@spkgs@spixie-2.1.1@spixie@sblends.nim.c.o
                0x000000000011b110                maskExclude__05nZP3trOOvaoJL7gwV34w_5
 .text.blendMask__IqUD9bXCyAFOyIupuH2jVZg_17
                0x000000000011b1b0       0xe8 /home/ajusa/Documents/3dsfun/hello/nimcache/@m..@s..@s..@s.nimble@spkgs@spixie-2.1.1@spixie@sblends.nim.c.o
                0x000000000011b1b0                blendMask__IqUD9bXCyAFOyIupuH2jVZg_17
 .text.blendSubtractMask__IqUD9bXCyAFOyIupuH2jVZg_19
                0x000000000011b298       0xf0 /home/ajusa/Documents/3dsfun/hello/nimcache/@m..@s..@s..@s.nimble@spkgs@spixie-2.1.1@spixie@sblends.nim.c.o
                0x000000000011b298                blendSubtractMask__IqUD9bXCyAFOyIupuH2jVZg_19
 .text.blendExcludeMask__IqUD9bXCyAFOyIupuH2jVZg_20
                0x000000000011b388       0xf4 /home/ajusa/Documents/3dsfun/hello/nimcache/@m..@s..@s..@s.nimble@spkgs@spixie-2.1.1@spixie@sblends.nim.c.o
                0x000000000011b388                blendExcludeMask__IqUD9bXCyAFOyIupuH2jVZg_20
 .text.maskNormal__05nZP3trOOvaoJL7gwV34w
                0x000000000011b47c      0x13c /home/ajusa/Documents/3dsfun/hello/nimcache/@m..@s..@s..@s.nimble@spkgs@spixie-2.1.1@spixie@sblends.nim.c.o
                0x000000000011b47c                maskNormal__05nZP3trOOvaoJL7gwV34w
 .text.blendNormal__IqUD9bXCyAFOyIupuH2jVZg
                0x000000000011b5b8      0x1e4 /home/ajusa/Documents/3dsfun/hello/nimcache/@m..@s..@s..@s.nimble@spkgs@spixie-2.1.1@spixie@sblends.nim.c.o
                0x000000000011b5b8                blendNormal__IqUD9bXCyAFOyIupuH2jVZg
 .text.blendMultiply__IqUD9bXCyAFOyIupuH2jVZg_3
                0x000000000011b79c      0x3b8 /home/ajusa/Documents/3dsfun/hello/nimcache/@m..@s..@s..@s.nimble@spkgs@spixie-2.1.1@spixie@sblends.nim.c.o
                0x000000000011b79c                blendMultiply__IqUD9bXCyAFOyIupuH2jVZg_3
 .text.blendLighten__IqUD9bXCyAFOyIupuH2jVZg_5
                0x000000000011bb54      0x3f8 /home/ajusa/Documents/3dsfun/hello/nimcache/@m..@s..@s..@s.nimble@spkgs@spixie-2.1.1@spixie@sblends.nim.c.o
                0x000000000011bb54                blendLighten__IqUD9bXCyAFOyIupuH2jVZg_5
 .text.blendOverlay__IqUD9bXCyAFOyIupuH2jVZg_8
                0x000000000011bf4c      0x710 /home/ajusa/Documents/3dsfun/hello/nimcache/@m..@s..@s..@s.nimble@spkgs@spixie-2.1.1@spixie@sblends.nim.c.o
                0x000000000011bf4c                blendOverlay__IqUD9bXCyAFOyIupuH2jVZg_8
 .text.blendScreen__IqUD9bXCyAFOyIupuH2jVZg_6
                0x000000000011c65c      0x3dc /home/ajusa/Documents/3dsfun/hello/nimcache/@m..@s..@s..@s.nimble@spkgs@spixie-2.1.1@spixie@sblends.nim.c.o
                0x000000000011c65c                blendScreen__IqUD9bXCyAFOyIupuH2jVZg_6
 .text.blendExclusion__IqUD9bXCyAFOyIupuH2jVZg_12
                0x000000000011ca38      0x410 /home/ajusa/Documents/3dsfun/hello/nimcache/@m..@s..@s..@s.nimble@spkgs@spixie-2.1.1@spixie@sblends.nim.c.o
                0x000000000011ca38                blendExclusion__IqUD9bXCyAFOyIupuH2jVZg_12
 .text.blendDarken__IqUD9bXCyAFOyIupuH2jVZg_2
                0x000000000011ce48      0x5b0 /home/ajusa/Documents/3dsfun/hello/nimcache/@m..@s..@s..@s.nimble@spkgs@spixie-2.1.1@spixie@sblends.nim.c.o
                0x000000000011ce48                blendDarken__IqUD9bXCyAFOyIupuH2jVZg_2
 .text.blendDifference__IqUD9bXCyAFOyIupuH2jVZg_11
                0x000000000011d3f8      0xb80 /home/ajusa/Documents/3dsfun/hello/nimcache/@m..@s..@s..@s.nimble@spkgs@spixie-2.1.1@spixie@sblends.nim.c.o
                0x000000000011d3f8                blendDifference__IqUD9bXCyAFOyIupuH2jVZg_11
 .text.blendHardLight__IqUD9bXCyAFOyIupuH2jVZg_10
                0x000000000011df78      0x710 /home/ajusa/Documents/3dsfun/hello/nimcache/@m..@s..@s..@s.nimble@spkgs@spixie-2.1.1@spixie@sblends.nim.c.o
                0x000000000011df78                blendHardLight__IqUD9bXCyAFOyIupuH2jVZg_10
 .text.SetLum__2RbJVdP2HG7vlGV6s9arb2Qblends.isra.0
                0x000000000011e688      0x8a8 /home/ajusa/Documents/3dsfun/hello/nimcache/@m..@s..@s..@s.nimble@spkgs@spixie-2.1.1@spixie@sblends.nim.c.o
 .text.alphaFix__9bfYv0NpRDFacaogCJrwKyA
                0x000000000011ef30      0x168 /home/ajusa/Documents/3dsfun/hello/nimcache/@m..@s..@s..@s.nimble@spkgs@spixie-2.1.1@spixie@sblends.nim.c.o
                0x000000000011ef30                alphaFix__9bfYv0NpRDFacaogCJrwKyA
 .text.blendColorBurn__IqUD9bXCyAFOyIupuH2jVZg_4
                0x000000000011f098      0x818 /home/ajusa/Documents/3dsfun/hello/nimcache/@m..@s..@s..@s.nimble@spkgs@spixie-2.1.1@spixie@sblends.nim.c.o
                0x000000000011f098                blendColorBurn__IqUD9bXCyAFOyIupuH2jVZg_4
 .text.blendColorDodge__IqUD9bXCyAFOyIupuH2jVZg_7
                0x000000000011f8b0      0x810 /home/ajusa/Documents/3dsfun/hello/nimcache/@m..@s..@s..@s.nimble@spkgs@spixie-2.1.1@spixie@sblends.nim.c.o
                0x000000000011f8b0                blendColorDodge__IqUD9bXCyAFOyIupuH2jVZg_7
 .text.alphaFix__SL9arfkLCM8QvugmGGlb9cqg
                0x00000000001200c0      0x338 /home/ajusa/Documents/3dsfun/hello/nimcache/@m..@s..@s..@s.nimble@spkgs@spixie-2.1.1@spixie@sblends.nim.c.o
                0x00000000001200c0                alphaFix__SL9arfkLCM8QvugmGGlb9cqg
 .text.blendSoftLight__IqUD9bXCyAFOyIupuH2jVZg_9
                0x00000000001203f8      0x8fc /home/ajusa/Documents/3dsfun/hello/nimcache/@m..@s..@s..@s.nimble@spkgs@spixie-2.1.1@spixie@sblends.nim.c.o
                0x00000000001203f8                blendSoftLight__IqUD9bXCyAFOyIupuH2jVZg_9
 *fill*         0x0000000000120cf4        0x4 
 .text.blendHue__IqUD9bXCyAFOyIupuH2jVZg_13
                0x0000000000120cf8      0xb20 /home/ajusa/Documents/3dsfun/hello/nimcache/@m..@s..@s..@s.nimble@spkgs@spixie-2.1.1@spixie@sblends.nim.c.o
                0x0000000000120cf8                blendHue__IqUD9bXCyAFOyIupuH2jVZg_13
 .text.blendSaturation__IqUD9bXCyAFOyIupuH2jVZg_14
                0x0000000000121818      0xb20 /home/ajusa/Documents/3dsfun/hello/nimcache/@m..@s..@s..@s.nimble@spkgs@spixie-2.1.1@spixie@sblends.nim.c.o
                0x0000000000121818                blendSaturation__IqUD9bXCyAFOyIupuH2jVZg_14
 .text.blendColor__IqUD9bXCyAFOyIupuH2jVZg_15
                0x0000000000122338      0x77c /home/ajusa/Documents/3dsfun/hello/nimcache/@m..@s..@s..@s.nimble@spkgs@spixie-2.1.1@spixie@sblends.nim.c.o
                0x0000000000122338                blendColor__IqUD9bXCyAFOyIupuH2jVZg_15
 *fill*         0x0000000000122ab4        0x4 
 .text.blendLuminosity__IqUD9bXCyAFOyIupuH2jVZg_16
                0x0000000000122ab8      0x77c /home/ajusa/Documents/3dsfun/hello/nimcache/@m..@s..@s..@s.nimble@spkgs@spixie-2.1.1@spixie@sblends.nim.c.o
                0x0000000000122ab8                blendLuminosity__IqUD9bXCyAFOyIupuH2jVZg_16
 .text.blender__IjWjCW9aEdd7QNN9aDyh9br8Q
                0x0000000000123234       0xa4 /home/ajusa/Documents/3dsfun/hello/nimcache/@m..@s..@s..@s.nimble@spkgs@spixie-2.1.1@spixie@sblends.nim.c.o
                0x0000000000123234                blender__IjWjCW9aEdd7QNN9aDyh9br8Q
 .text.eqdestroy___nHK8zNBapOJbjfM6sTJ6tg
                0x00000000001232d8      0x1a8 /home/ajusa/Documents/3dsfun/hello/nimcache/@m..@s..@s..@s.nimble@spkgs@spixie-2.1.1@spixie@sblends.nim.c.o
                0x00000000001232d8                eqdestroy___nHK8zNBapOJbjfM6sTJ6tg
 .text.masker__2wbrIz9aWd9cxOiHBE8fhuxA
                0x0000000000123480      0x278 /home/ajusa/Documents/3dsfun/hello/nimcache/@m..@s..@s..@s.nimble@spkgs@spixie-2.1.1@spixie@sblends.nim.c.o
                0x0000000000123480                masker__2wbrIz9aWd9cxOiHBE8fhuxA
 .text.eqdestroy___lTvKOAYfVOx3bbJPtE2WRA
                0x00000000001236f8      0x1a8 /home/ajusa/Documents/3dsfun/hello/nimcache/@m..@s..@s..@s.nimble@spkgs@spixie-2.1.1@spixie@sblends.nim.c.o
                0x00000000001236f8                eqdestroy___lTvKOAYfVOx3bbJPtE2WRA
 .text.eqdestroy___7OSaqhNmc6gCSAUBbQqiDA
                0x00000000001238a0      0x1a8 /home/ajusa/Documents/3dsfun/hello/nimcache/@m..@s..@s..@s.nimble@spkgs@spixie-2.1.1@spixie@sblends.nim.c.o
                0x00000000001238a0                eqdestroy___7OSaqhNmc6gCSAUBbQqiDA
 .text.toPremultipliedAlpha__oqwyOawfKlcZzMdukGIE9aw
                0x0000000000123a48      0x10c /home/ajusa/Documents/3dsfun/hello/nimcache/@m..@s..@s..@s.nimble@spkgs@spixie-2.1.1@spixie@sinternal.nim.c.o
                0x0000000000123a48                toPremultipliedAlpha__oqwyOawfKlcZzMdukGIE9aw
 .text.eqdestroy___1R8K8ySCbBn5UdHSsHDuRg
                0x0000000000123b54       0x20 /home/ajusa/Documents/3dsfun/hello/nimcache/@m..@s..@s..@s.nimble@spkgs@spixie-2.1.1@spixie@sinternal.nim.c.o
                0x0000000000123b54                eqdestroy___1R8K8ySCbBn5UdHSsHDuRg
 .text.eqdestroy___JJoNiONMKRPOLlF19bwfT9cw
                0x0000000000123b74        0x8 /home/ajusa/Documents/3dsfun/hello/nimcache/@m..@s..@s..@s.nimble@spkgs@spixie-2.1.1@spixie@smasks.nim.c.o
                0x0000000000123b74                eqdestroy___JJoNiONMKRPOLlF19bwfT9cw
 .text.eqdestroy___ve3wThEJ1YsoE89ctjs1jgA
                0x0000000000123b7c      0x1b8 /home/ajusa/Documents/3dsfun/hello/nimcache/@m..@s..@s..@s.nimble@spkgs@spixie-2.1.1@spixie@smasks.nim.c.o
                0x0000000000123b7c                eqdestroy___ve3wThEJ1YsoE89ctjs1jgA
 *fill*         0x0000000000123d34        0x4 
 .text.newMask__pWNzuO4wfaDNxxIj0F6NPg
                0x0000000000123d38      0x36c /home/ajusa/Documents/3dsfun/hello/nimcache/@m..@s..@s..@s.nimble@spkgs@spixie-2.1.1@spixie@smasks.nim.c.o
                0x0000000000123d38                newMask__pWNzuO4wfaDNxxIj0F6NPg
 *fill*         0x00000000001240a4        0x4 
 .text.fillUnsafe__RYjxHsITomSAxpbKsKXGJw
                0x00000000001240a8      0x114 /home/ajusa/Documents/3dsfun/hello/nimcache/@m..@s..@s..@s.nimble@spkgs@spixie-2.1.1@spixie@smasks.nim.c.o
                0x00000000001240a8                fillUnsafe__RYjxHsITomSAxpbKsKXGJw
 .text.eqcopy___1kYxilPdCnQ7HejYHoH6kA
                0x00000000001241bc      0x2f8 /home/ajusa/Documents/3dsfun/hello/nimcache/@m..@s..@s..@s.nimble@spkgs@spixie-2.1.1@spixie@smasks.nim.c.o
                0x00000000001241bc                eqcopy___1kYxilPdCnQ7HejYHoH6kA
 .text.eqsink___1kYxilPdCnQ7HejYHoH6kA_2
                0x00000000001244b4      0x1c8 /home/ajusa/Documents/3dsfun/hello/nimcache/@m..@s..@s..@s.nimble@spkgs@spixie-2.1.1@spixie@smasks.nim.c.o
                0x00000000001244b4                eqsink___1kYxilPdCnQ7HejYHoH6kA_2
 .text.copy__TOvwd37stbWB8Q9c2HkkRyw
                0x000000000012467c       0xe0 /home/ajusa/Documents/3dsfun/hello/nimcache/@m..@s..@s..@s.nimble@spkgs@spixie-2.1.1@spixie@smasks.nim.c.o
                0x000000000012467c                copy__TOvwd37stbWB8Q9c2HkkRyw
 *fill*         0x000000000012475c        0x4 
 .text.minifyBy2__D8YyKIA23hzWbh9aDmNY51g
                0x0000000000124760     0x2014 /home/ajusa/Documents/3dsfun/hello/nimcache/@m..@s..@s..@s.nimble@spkgs@spixie-2.1.1@spixie@smasks.nim.c.o
                0x0000000000124760                minifyBy2__D8YyKIA23hzWbh9aDmNY51g
 *fill*         0x0000000000126774        0x4 
 .text.getValueSmooth__6AQALqHGUc58kQc5O7Ybaw
                0x0000000000126778     0x163c /home/ajusa/Documents/3dsfun/hello/nimcache/@m..@s..@s..@s.nimble@spkgs@spixie-2.1.1@spixie@smasks.nim.c.o
                0x0000000000126778                getValueSmooth__6AQALqHGUc58kQc5O7Ybaw
 .text.ivec2__1zK0RM3p5Zq7J19cBMY9aIKwvmath
                0x0000000000127db4       0x94 /home/ajusa/Documents/3dsfun/hello/nimcache/@m..@s..@s..@s.nimble@spkgs@spixie-2.1.1@spixie@simages.nim.c.o
 .text.vec2__Gv1fP9aQnZ29bWPYr6Xpu9b9cQvmath
                0x0000000000127e48       0x98 /home/ajusa/Documents/3dsfun/hello/nimcache/@m..@s..@s..@s.nimble@spkgs@spixie-2.1.1@spixie@simages.nim.c.o
 .text.rgbx__BlLSIm12ADqqyjv42hwZLgcolortypes
                0x0000000000127ee0       0x9c /home/ajusa/Documents/3dsfun/hello/nimcache/@m..@s..@s..@s.nimble@spkgs@spixie-2.1.1@spixie@simages.nim.c.o
 .text.star___P5hbIOwpOzK55aMtqJd9a4gvmath
                0x0000000000127f7c       0xa4 /home/ajusa/Documents/3dsfun/hello/nimcache/@m..@s..@s..@s.nimble@spkgs@spixie-2.1.1@spixie@simages.nim.c.o
 .text.plus___LUsC4By0xQHMhg2gAk9brSwvmath
                0x0000000000128020       0xa8 /home/ajusa/Documents/3dsfun/hello/nimcache/@m..@s..@s..@s.nimble@spkgs@spixie-2.1.1@spixie@simages.nim.c.o
 .text.pluseq___wiYGumiN2oNAZVgd6B1Hugvmath
                0x00000000001280c8      0x1ec /home/ajusa/Documents/3dsfun/hello/nimcache/@m..@s..@s..@s.nimble@spkgs@spixie-2.1.1@spixie@simages.nim.c.o
 *fill*         0x00000000001282b4        0x4 
 .text.nimMulInt
                0x00000000001282b8      0x1dc /home/ajusa/Documents/3dsfun/hello/nimcache/@m..@s..@s..@s.nimble@spkgs@spixie-2.1.1@spixie@simages.nim.c.o
 *fill*         0x0000000000128494        0x4 
 .text.dataIndex__nozS7sTc9cC1QPAHa5vFrSAimages
                0x0000000000128498      0x2bc /home/ajusa/Documents/3dsfun/hello/nimcache/@m..@s..@s..@s.nimble@spkgs@spixie-2.1.1@spixie@simages.nim.c.o
 *fill*         0x0000000000128754        0x4 
 .text.getRgbaUnsafe__g7SmGINms9bZ9cQzwoLp9bKCAimages
                0x0000000000128758      0x2fc /home/ajusa/Documents/3dsfun/hello/nimcache/@m..@s..@s..@s.nimble@spkgs@spixie-2.1.1@spixie@simages.nim.c.o
 *fill*         0x0000000000128a54        0x4 
 .text.setRgbaUnsafe__vEbJ2lZFa7n9bELDpHDlX9aw_2images
                0x0000000000128a58      0x434 /home/ajusa/Documents/3dsfun/hello/nimcache/@m..@s..@s..@s.nimble@spkgs@spixie-2.1.1@spixie@simages.nim.c.o
 .text.eqdestroy___odCPqEQOeVm9cGco8A5aUJA
                0x0000000000128e8c        0x8 /home/ajusa/Documents/3dsfun/hello/nimcache/@m..@s..@s..@s.nimble@spkgs@spixie-2.1.1@spixie@simages.nim.c.o
                0x0000000000128e8c                eqdestroy___odCPqEQOeVm9cGco8A5aUJA
 .text.eqcopy___MC9adCfbMUvVwOF9cfG05iOA
                0x0000000000128e94      0x2f8 /home/ajusa/Documents/3dsfun/hello/nimcache/@m..@s..@s..@s.nimble@spkgs@spixie-2.1.1@spixie@simages.nim.c.o
                0x0000000000128e94                eqcopy___MC9adCfbMUvVwOF9cfG05iOA
 *fill*         0x000000000012918c        0x4 
 .text.newImage__EiF9aQIGS3QlpAoaGBdiHng
                0x0000000000129190      0x368 /home/ajusa/Documents/3dsfun/hello/nimcache/@m..@s..@s..@s.nimble@spkgs@spixie-2.1.1@spixie@simages.nim.c.o
                0x0000000000129190                newImage__EiF9aQIGS3QlpAoaGBdiHng
 .text.eqdestroy___QbqPtGB8BLEA9cOGtMKk0Ow
                0x00000000001294f8      0x1b8 /home/ajusa/Documents/3dsfun/hello/nimcache/@m..@s..@s..@s.nimble@spkgs@spixie-2.1.1@spixie@simages.nim.c.o
                0x00000000001294f8                eqdestroy___QbqPtGB8BLEA9cOGtMKk0Ow
 .text.eqsink___MC9adCfbMUvVwOF9cfG05iOA_2
                0x00000000001296b0      0x1c8 /home/ajusa/Documents/3dsfun/hello/nimcache/@m..@s..@s..@s.nimble@spkgs@spixie-2.1.1@spixie@simages.nim.c.o
                0x00000000001296b0                eqsink___MC9adCfbMUvVwOF9cfG05iOA_2
 .text.fillUnsafe__4gz9aQEfVVCwnWTYoPTQiLQ
                0x0000000000129878      0x464 /home/ajusa/Documents/3dsfun/hello/nimcache/@m..@s..@s..@s.nimble@spkgs@spixie-2.1.1@spixie@simages.nim.c.o
                0x0000000000129878                fillUnsafe__4gz9aQEfVVCwnWTYoPTQiLQ
 .text.copy__plZCHuHoDU8RogyqY9aovpg
                0x0000000000129cdc       0xe0 /home/ajusa/Documents/3dsfun/hello/nimcache/@m..@s..@s..@s.nimble@spkgs@spixie-2.1.1@spixie@simages.nim.c.o
                0x0000000000129cdc                copy__plZCHuHoDU8RogyqY9aovpg
 *fill*         0x0000000000129dbc        0x4 
 .text.minifyBy2__Lhzosd3a8q9crupusRTfxfw
                0x0000000000129dc0     0x2148 /home/ajusa/Documents/3dsfun/hello/nimcache/@m..@s..@s..@s.nimble@spkgs@spixie-2.1.1@spixie@simages.nim.c.o
                0x0000000000129dc0                minifyBy2__Lhzosd3a8q9crupusRTfxfw
 .text.getRgbaSmooth__G8lgRPvqe3QaCcEAHk7MJA
                0x000000000012bf08     0x28ec /home/ajusa/Documents/3dsfun/hello/nimcache/@m..@s..@s..@s.nimble@spkgs@spixie-2.1.1@spixie@simages.nim.c.o
                0x000000000012bf08                getRgbaSmooth__G8lgRPvqe3QaCcEAHk7MJA
 .text.drawUber__MD09aQQ6MoUDy8aduXsfIjA
                0x000000000012e7f4     0x2e7c /home/ajusa/Documents/3dsfun/hello/nimcache/@m..@s..@s..@s.nimble@spkgs@spixie-2.1.1@spixie@simages.nim.c.o
                0x000000000012e7f4                drawUber__MD09aQQ6MoUDy8aduXsfIjA
 .text.drawCorrect__GP9c03i7QCMQnD9a5cs1nb8A
                0x0000000000131670     0x18a4 /home/ajusa/Documents/3dsfun/hello/nimcache/@m..@s..@s..@s.nimble@spkgs@spixie-2.1.1@spixie@simages.nim.c.o
                0x0000000000131670                drawCorrect__GP9c03i7QCMQnD9a5cs1nb8A
 .text.drawTiled__mE7s63jchsHNvC2Y2dDxqw
                0x0000000000132f14       0xc4 /home/ajusa/Documents/3dsfun/hello/nimcache/@m..@s..@s..@s.nimble@spkgs@spixie-2.1.1@spixie@simages.nim.c.o
                0x0000000000132f14                drawTiled__mE7s63jchsHNvC2Y2dDxqw
 .text.drawUber__u3tutcxgEU0KQ37SFUNZlQ
                0x0000000000132fd8     0x3020 /home/ajusa/Documents/3dsfun/hello/nimcache/@m..@s..@s..@s.nimble@spkgs@spixie-2.1.1@spixie@simages.nim.c.o
                0x0000000000132fd8                drawUber__u3tutcxgEU0KQ37SFUNZlQ
 .text.applyOpacity__dyLyZZd0GcjShL1FfWZ9cVw
                0x0000000000135ff8      0x2b4 /home/ajusa/Documents/3dsfun/hello/nimcache/@m..@s..@s..@s.nimble@spkgs@spixie-2.1.1@spixie@simages.nim.c.o
                0x0000000000135ff8                applyOpacity__dyLyZZd0GcjShL1FfWZ9cVw
 .text.eqdestroy___nNHdCYzbo5pHhYyf19abvQA
                0x00000000001362ac       0x20 /home/ajusa/Documents/3dsfun/hello/nimcache/@m..@s..@s..@s.nimble@spkgs@spixie-2.1.1@spixie@spaints.nim.c.o
                0x00000000001362ac                eqdestroy___nNHdCYzbo5pHhYyf19abvQA
 .text.eqsink___2IGnNv3HRW9bSd76E9aXg0lQ
                0x00000000001362cc      0x288 /home/ajusa/Documents/3dsfun/hello/nimcache/@m..@s..@s..@s.nimble@spkgs@spixie-2.1.1@spixie@spaints.nim.c.o
                0x00000000001362cc                eqsink___2IGnNv3HRW9bSd76E9aXg0lQ
 *fill*         0x0000000000136554        0x4 
 .text.gradientPut__X5P9b1r9avUkfu5HsyPmaNhw
                0x0000000000136558     0x1224 /home/ajusa/Documents/3dsfun/hello/nimcache/@m..@s..@s..@s.nimble@spkgs@spixie-2.1.1@spixie@spaints.nim.c.o
                0x0000000000136558                gradientPut__X5P9b1r9avUkfu5HsyPmaNhw
 .text.fillGradientLinear__6hU1Ie9aJap2mlf6fHHtghg
                0x000000000013777c      0x4d4 /home/ajusa/Documents/3dsfun/hello/nimcache/@m..@s..@s..@s.nimble@spkgs@spixie-2.1.1@spixie@spaints.nim.c.o
                0x000000000013777c                fillGradientLinear__6hU1Ie9aJap2mlf6fHHtghg
 .text.fillGradientRadial__6hU1Ie9aJap2mlf6fHHtghg_2
                0x0000000000137c50     0x13e0 /home/ajusa/Documents/3dsfun/hello/nimcache/@m..@s..@s..@s.nimble@spkgs@spixie-2.1.1@spixie@spaints.nim.c.o
                0x0000000000137c50                fillGradientRadial__6hU1Ie9aJap2mlf6fHHtghg_2
 .text.fillGradientAngular__6hU1Ie9aJap2mlf6fHHtghg_3
                0x0000000000139030      0xe78 /home/ajusa/Documents/3dsfun/hello/nimcache/@m..@s..@s..@s.nimble@spkgs@spixie-2.1.1@spixie@spaints.nim.c.o
                0x0000000000139030                fillGradientAngular__6hU1Ie9aJap2mlf6fHHtghg_3
 .text.eqdestroy___wJhhG866UhwTJac4Qw8S4Q
                0x0000000000139ea8      0x208 /home/ajusa/Documents/3dsfun/hello/nimcache/@m..@s..@s..@s.nimble@spkgs@spixie-2.1.1@spixie@spaints.nim.c.o
                0x0000000000139ea8                eqdestroy___wJhhG866UhwTJac4Qw8S4Q
 .text.eqcopy___9bmUT9cOr9bKL9a0yuq9bSWA22Q
                0x000000000013a0b0       0x58 /home/ajusa/Documents/3dsfun/hello/nimcache/@m..@s..@s..@s.nimble@spkgs@spixie-2.1.1@spixie@spaints.nim.c.o
                0x000000000013a0b0                eqcopy___9bmUT9cOr9bKL9a0yuq9bSWA22Q
 .text.eqcopy___2IGnNv3HRW9bSd76E9aXg0lQ_2
                0x000000000013a108      0x5c0 /home/ajusa/Documents/3dsfun/hello/nimcache/@m..@s..@s..@s.nimble@spkgs@spixie-2.1.1@spixie@spaints.nim.c.o
                0x000000000013a108                eqcopy___2IGnNv3HRW9bSd76E9aXg0lQ_2
 .text.eqdestroy___qsbSVrobeToiKZUWZLlMJw
                0x000000000013a6c8       0x1c /home/ajusa/Documents/3dsfun/hello/nimcache/@m..@s..@s..@s.nimble@spkgs@spixie-2.1.1@spixie@spaths.nim.c.o
                0x000000000013a6c8                eqdestroy___qsbSVrobeToiKZUWZLlMJw
 .text.nimFrame.constprop.0
                0x000000000013a6e4       0x48 /home/ajusa/Documents/3dsfun/hello/nimcache/@m..@s..@s..@s.nimble@spkgs@spixie-2.1.1@spixie@spaths.nim.c.o
 .text.vec2__Gv1fP9aQnZ29bWPYr6Xpu9b9cQvmath
                0x000000000013a72c       0x98 /home/ajusa/Documents/3dsfun/hello/nimcache/@m..@s..@s..@s.nimble@spkgs@spixie-2.1.1@spixie@spaths.nim.c.o
 .text.star___SFlx9aLYU56ktEJ9aMwJNtHwvmath
                0x000000000013a7c4       0xa4 /home/ajusa/Documents/3dsfun/hello/nimcache/@m..@s..@s..@s.nimble@spkgs@spixie-2.1.1@spixie@spaths.nim.c.o
 .text.star___P5hbIOwpOzK55aMtqJd9a4gvmath
                0x000000000013a868       0xa4 /home/ajusa/Documents/3dsfun/hello/nimcache/@m..@s..@s..@s.nimble@spkgs@spixie-2.1.1@spixie@spaths.nim.c.o
 .text.minus___zHJlOnanN0W9a5uC1IU6Aiwvmath
                0x000000000013a90c       0xa8 /home/ajusa/Documents/3dsfun/hello/nimcache/@m..@s..@s..@s.nimble@spkgs@spixie-2.1.1@spixie@spaths.nim.c.o
 .text.plus___LUsC4By0xQHMhg2gAk9brSwvmath
                0x000000000013a9b4       0xa8 /home/ajusa/Documents/3dsfun/hello/nimcache/@m..@s..@s..@s.nimble@spkgs@spixie-2.1.1@spixie@spaths.nim.c.o
 .text.X5BX5D___n2pB5e1YsqzlzEv8VXqurgsystem
                0x000000000013aa5c      0x110 /home/ajusa/Documents/3dsfun/hello/nimcache/@m..@s..@s..@s.nimble@spkgs@spixie-2.1.1@spixie@spaths.nim.c.o
 *fill*         0x000000000013ab6c        0x4 
 .text.nimMulInt
                0x000000000013ab70      0x1dc /home/ajusa/Documents/3dsfun/hello/nimcache/@m..@s..@s..@s.nimble@spkgs@spixie-2.1.1@spixie@spaths.nim.c.o
 .text.nimDecRefIsLast
                0x000000000013ad4c      0x1ac /home/ajusa/Documents/3dsfun/hello/nimcache/@m..@s..@s..@s.nimble@spkgs@spixie-2.1.1@spixie@spaths.nim.c.o
 .text.normalize__hMSRh31sK0hdhGwPJl1orwvmath
                0x000000000013aef8      0x218 /home/ajusa/Documents/3dsfun/hello/nimcache/@m..@s..@s..@s.nimble@spkgs@spixie-2.1.1@spixie@spaths.nim.c.o
 .text.eqdestroy___wclECHLhemEcTnyBQyToIA
                0x000000000013b110      0x1a8 /home/ajusa/Documents/3dsfun/hello/nimcache/@m..@s..@s..@s.nimble@spkgs@spixie-2.1.1@spixie@spaths.nim.c.o
                0x000000000013b110                eqdestroy___wclECHLhemEcTnyBQyToIA
 .text.eqdestroy___W4s7E2CcN4zqM9a8FTpVAPA
                0x000000000013b2b8      0x1a8 /home/ajusa/Documents/3dsfun/hello/nimcache/@m..@s..@s..@s.nimble@spkgs@spixie-2.1.1@spixie@spaths.nim.c.o
                0x000000000013b2b8                eqdestroy___W4s7E2CcN4zqM9a8FTpVAPA
 .text.eqdestroy___zCUk9a61oTQBZmXL7xF9ca4g
                0x000000000013b460      0x1a8 /home/ajusa/Documents/3dsfun/hello/nimcache/@m..@s..@s..@s.nimble@spkgs@spixie-2.1.1@spixie@spaths.nim.c.o
                0x000000000013b460                eqdestroy___zCUk9a61oTQBZmXL7xF9ca4g
 .text.compute__ZGvYa9cv5RaHPE0SQCB5MOwpaths
                0x000000000013b608      0x3bc /home/ajusa/Documents/3dsfun/hello/nimcache/@m..@s..@s..@s.nimble@spkgs@spixie-2.1.1@spixie@spaths.nim.c.o
 .text.finishNumber__gMl6EMNYxEcXeRk85ptN9cA
                0x000000000013b9c4      0x520 /home/ajusa/Documents/3dsfun/hello/nimcache/@m..@s..@s..@s.nimble@spkgs@spixie-2.1.1@spixie@spaths.nim.c.o
                0x000000000013b9c4                finishNumber__gMl6EMNYxEcXeRk85ptN9cA
 .text.compute__nGzl1HgRSr0XMh3CnOiIDQpaths
                0x000000000013bee4      0x4bc /home/ajusa/Documents/3dsfun/hello/nimcache/@m..@s..@s..@s.nimble@spkgs@spixie-2.1.1@spixie@spaths.nim.c.o
 .text.setValueUnsafe__oF9bOl5x29b8wchBNzZcHhDgmasks
                0x000000000013c3a0      0x3b4 /home/ajusa/Documents/3dsfun/hello/nimcache/@m..@s..@s..@s.nimble@spkgs@spixie-2.1.1@spixie@spaths.nim.c.o
 *fill*         0x000000000013c754        0x4 
 .text.setRgbaUnsafe__vEbJ2lZFa7n9bELDpHDlX9aw_2images
                0x000000000013c758      0x434 /home/ajusa/Documents/3dsfun/hello/nimcache/@m..@s..@s..@s.nimble@spkgs@spixie-2.1.1@spixie@spaths.nim.c.o
 .text.makeRect__XrGyrMi2QBNk9aHU6wtdXEA
                0x000000000013cb8c      0x66c /home/ajusa/Documents/3dsfun/hello/nimcache/@m..@s..@s..@s.nimble@spkgs@spixie-2.1.1@spixie@spaths.nim.c.o
                0x000000000013cb8c                makeRect__XrGyrMi2QBNk9aHU6wtdXEA
 .text.finishCommand__u6n9aR1bHS9cXIbKyRr9aFYZg
                0x000000000013d1f8      0x444 /home/ajusa/Documents/3dsfun/hello/nimcache/@m..@s..@s..@s.nimble@spkgs@spixie-2.1.1@spixie@spaths.nim.c.o
                0x000000000013d1f8                finishCommand__u6n9aR1bHS9cXIbKyRr9aFYZg
 .text.parsePath__Q9aC2BxTpfPSwitzRYZ2Qhg
                0x000000000013d63c      0xa14 /home/ajusa/Documents/3dsfun/hello/nimcache/@m..@s..@s..@s.nimble@spkgs@spixie-2.1.1@spixie@spaths.nim.c.o
                0x000000000013d63c                parsePath__Q9aC2BxTpfPSwitzRYZ2Qhg
 .text.addSegment__Q2f0MijOiqOtk3Qm5ELl9cQ
                0x000000000013e050      0x488 /home/ajusa/Documents/3dsfun/hello/nimcache/@m..@s..@s..@s.nimble@spkgs@spixie-2.1.1@spixie@spaths.nim.c.o
                0x000000000013e050                addSegment__Q2f0MijOiqOtk3Qm5ELl9cQ
 .text.discretize__yYRmXXAAbBoGtlNVA9aGT9aA
                0x000000000013e4d8      0x534 /home/ajusa/Documents/3dsfun/hello/nimcache/@m..@s..@s..@s.nimble@spkgs@spixie-2.1.1@spixie@spaths.nim.c.o
                0x000000000013e4d8                discretize__yYRmXXAAbBoGtlNVA9aGT9aA
 .text.discretize__yYRmXXAAbBoGtlNVA9aGT9aA_2
                0x000000000013ea0c      0x520 /home/ajusa/Documents/3dsfun/hello/nimcache/@m..@s..@s..@s.nimble@spkgs@spixie-2.1.1@spixie@spaths.nim.c.o
                0x000000000013ea0c                discretize__yYRmXXAAbBoGtlNVA9aGT9aA_2
 .text.eqcopy___rjYT69aNWTqhBmXjRzOsPQQ
                0x000000000013ef2c      0x2e8 /home/ajusa/Documents/3dsfun/hello/nimcache/@m..@s..@s..@s.nimble@spkgs@spixie-2.1.1@spixie@spaths.nim.c.o
                0x000000000013ef2c                eqcopy___rjYT69aNWTqhBmXjRzOsPQQ
 .text.addCubic__DhbaXbjr0Nd9bmnm37mp0xA
                0x000000000013f214      0x388 /home/ajusa/Documents/3dsfun/hello/nimcache/@m..@s..@s..@s.nimble@spkgs@spixie-2.1.1@spixie@spaths.nim.c.o
                0x000000000013f214                addCubic__DhbaXbjr0Nd9bmnm37mp0xA
 .text.addQuadratic__qfJR4dfw0cIH78gRAsrMLg
                0x000000000013f59c      0x370 /home/ajusa/Documents/3dsfun/hello/nimcache/@m..@s..@s..@s.nimble@spkgs@spixie-2.1.1@spixie@spaths.nim.c.o
                0x000000000013f59c                addQuadratic__qfJR4dfw0cIH78gRAsrMLg
 .text.svgAngle__iJPjnKIuYHcItkP39aL4qNg
                0x000000000013f90c      0x30c /home/ajusa/Documents/3dsfun/hello/nimcache/@m..@s..@s..@s.nimble@spkgs@spixie-2.1.1@spixie@spaths.nim.c.o
                0x000000000013f90c                svgAngle__iJPjnKIuYHcItkP39aL4qNg
 .text.endpointToCenterArcParams__7k9bdmvJVLvVgoEXwVEQQgQ
                0x000000000013fc18      0xc28 /home/ajusa/Documents/3dsfun/hello/nimcache/@m..@s..@s..@s.nimble@spkgs@spixie-2.1.1@spixie@spaths.nim.c.o
                0x000000000013fc18                endpointToCenterArcParams__7k9bdmvJVLvVgoEXwVEQQgQ
 .text.compute__B8mVEoCuzuI5qU1UtqAOvA
                0x0000000000140840      0x29c /home/ajusa/Documents/3dsfun/hello/nimcache/@m..@s..@s..@s.nimble@spkgs@spixie-2.1.1@spixie@spaths.nim.c.o
                0x0000000000140840                compute__B8mVEoCuzuI5qU1UtqAOvA
 .text.discretize__nLiBEQclUL7iCfHtbMb9caw
                0x0000000000140adc      0x528 /home/ajusa/Documents/3dsfun/hello/nimcache/@m..@s..@s..@s.nimble@spkgs@spixie-2.1.1@spixie@spaths.nim.c.o
                0x0000000000140adc                discretize__nLiBEQclUL7iCfHtbMb9caw
 .text.addArc__KI4239cRb9cohePp9bPjjPuTQ
                0x0000000000141004      0x3c8 /home/ajusa/Documents/3dsfun/hello/nimcache/@m..@s..@s..@s.nimble@spkgs@spixie-2.1.1@spixie@spaths.nim.c.o
                0x0000000000141004                addArc__KI4239cRb9cohePp9bPjjPuTQ
 *fill*         0x00000000001413cc        0x4 
 .text.commandsToShapes__mdUaw1AJeDsbEDaxs9ckO3A
                0x00000000001413d0     0x1990 /home/ajusa/Documents/3dsfun/hello/nimcache/@m..@s..@s..@s.nimble@spkgs@spixie-2.1.1@spixie@spaths.nim.c.o
                0x00000000001413d0                commandsToShapes__mdUaw1AJeDsbEDaxs9ckO3A
 .text.pixelScale__v8r1uSwfWXTKt9aon3ez3oA
                0x0000000000142d60      0x32c /home/ajusa/Documents/3dsfun/hello/nimcache/@m..@s..@s..@s.nimble@spkgs@spixie-2.1.1@spixie@spaths.nim.c.o
                0x0000000000142d60                pixelScale__v8r1uSwfWXTKt9aon3ez3oA
 .text.transform__XVUvRE9c4JWk529bO9bMic9bCQ
                0x000000000014308c      0x4a8 /home/ajusa/Documents/3dsfun/hello/nimcache/@m..@s..@s..@s.nimble@spkgs@spixie-2.1.1@spixie@spaths.nim.c.o
                0x000000000014308c                transform__XVUvRE9c4JWk529bO9bMic9bCQ
 .text.shapesToSegments__t9aWPkBZt3MAQhAhGXTmc3g
                0x0000000000143534      0x334 /home/ajusa/Documents/3dsfun/hello/nimcache/@m..@s..@s..@s.nimble@spkgs@spixie-2.1.1@spixie@spaths.nim.c.o
                0x0000000000143534                shapesToSegments__t9aWPkBZt3MAQhAhGXTmc3g
 .text.requiresAntiAliasing__zW1zOiWcjNYl9bmTfd5musw
                0x0000000000143868      0x140 /home/ajusa/Documents/3dsfun/hello/nimcache/@m..@s..@s..@s.nimble@spkgs@spixie-2.1.1@spixie@spaths.nim.c.o
                0x0000000000143868                requiresAntiAliasing__zW1zOiWcjNYl9bmTfd5musw
 .text.computePixelBounds__o77Caiv4xywgcmafF6C16w
                0x00000000001439a8      0x544 /home/ajusa/Documents/3dsfun/hello/nimcache/@m..@s..@s..@s.nimble@spkgs@spixie-2.1.1@spixie@spaths.nim.c.o
                0x00000000001439a8                computePixelBounds__o77Caiv4xywgcmafF6C16w
 .text.eqsink___wxg1ImiP9cXG2kJ9b3VJgSVA
                0x0000000000143eec       0x5c /home/ajusa/Documents/3dsfun/hello/nimcache/@m..@s..@s..@s.nimble@spkgs@spixie-2.1.1@spixie@spaths.nim.c.o
                0x0000000000143eec                eqsink___wxg1ImiP9cXG2kJ9b3VJgSVA
 .text.partitionSegments__GegKw4f9bIpraC5rERjtZ7w
                0x0000000000143f48      0x378 /home/ajusa/Documents/3dsfun/hello/nimcache/@m..@s..@s..@s.nimble@spkgs@spixie-2.1.1@spixie@spaths.nim.c.o
                0x0000000000143f48                partitionSegments__GegKw4f9bIpraC5rERjtZ7w
 .text.quickSort__It0pM3WJful3hJFe9aEQf8w
                0x00000000001442c0      0x2fc /home/ajusa/Documents/3dsfun/hello/nimcache/@m..@s..@s..@s.nimble@spkgs@spixie-2.1.1@spixie@spaths.nim.c.o
                0x00000000001442c0                quickSort__It0pM3WJful3hJFe9aEQf8w
 *fill*         0x00000000001445bc        0x4 
 .text.computeCoverages__lKgq7tAB9b89c9cADFXYOS7Dwpaths.isra.0
                0x00000000001445c0     0x1060 /home/ajusa/Documents/3dsfun/hello/nimcache/@m..@s..@s..@s.nimble@spkgs@spixie-2.1.1@spixie@spaths.nim.c.o
 .text.clearUnsafe__dZ6H3pSfFBhvu7qYOMRVKw
                0x0000000000145620      0x350 /home/ajusa/Documents/3dsfun/hello/nimcache/@m..@s..@s..@s.nimble@spkgs@spixie-2.1.1@spixie@spaths.nim.c.o
                0x0000000000145620                clearUnsafe__dZ6H3pSfFBhvu7qYOMRVKw
 .text.fillCoverage__3nS3iP8tgyyTSRHpCKWd9aA
                0x0000000000145970      0x5cc /home/ajusa/Documents/3dsfun/hello/nimcache/@m..@s..@s..@s.nimble@spkgs@spixie-2.1.1@spixie@spaths.nim.c.o
                0x0000000000145970                fillCoverage__3nS3iP8tgyyTSRHpCKWd9aA
 *fill*         0x0000000000145f3c        0x4 
 .text.fillHits__qqdYTr49aecvOxfRgEeqJjA
                0x0000000000145f40      0xc4c /home/ajusa/Documents/3dsfun/hello/nimcache/@m..@s..@s..@s.nimble@spkgs@spixie-2.1.1@spixie@spaths.nim.c.o
                0x0000000000145f40                fillHits__qqdYTr49aecvOxfRgEeqJjA
 .text.fillShapes__5eDpCehp6q70cEJOcTDMBw
                0x0000000000146b8c      0x714 /home/ajusa/Documents/3dsfun/hello/nimcache/@m..@s..@s..@s.nimble@spkgs@spixie-2.1.1@spixie@spaths.nim.c.o
                0x0000000000146b8c                fillShapes__5eDpCehp6q70cEJOcTDMBw
 .text.eqdestroy___3m24S7T1q8I9bZA9bqBtlXOw
                0x00000000001472a0       0x60 /home/ajusa/Documents/3dsfun/hello/nimcache/@m..@s..@s..@s.nimble@spkgs@spixie-2.1.1@spixie@spaths.nim.c.o
                0x00000000001472a0                eqdestroy___3m24S7T1q8I9bZA9bqBtlXOw
 .text.clearUnsafe__Bc9a9cMIczIijQORNJPs1uBQ
                0x0000000000147300      0x2d4 /home/ajusa/Documents/3dsfun/hello/nimcache/@m..@s..@s..@s.nimble@spkgs@spixie-2.1.1@spixie@spaths.nim.c.o
                0x0000000000147300                clearUnsafe__Bc9a9cMIczIijQORNJPs1uBQ
 .text.fillCoverage__rtTmq8GLsjf9bBYaUViM3ZQ
                0x00000000001475d4      0x598 /home/ajusa/Documents/3dsfun/hello/nimcache/@m..@s..@s..@s.nimble@spkgs@spixie-2.1.1@spixie@spaths.nim.c.o
                0x00000000001475d4                fillCoverage__rtTmq8GLsjf9bBYaUViM3ZQ
 *fill*         0x0000000000147b6c        0x4 
 .text.fillHits__2KB9bQQMf9cD5QHLVGaVHT9aw
                0x0000000000147b70      0xc08 /home/ajusa/Documents/3dsfun/hello/nimcache/@m..@s..@s..@s.nimble@spkgs@spixie-2.1.1@spixie@spaths.nim.c.o
                0x0000000000147b70                fillHits__2KB9bQQMf9cD5QHLVGaVHT9aw
 .text.fillShapes__NYroTUIE8hMy2wdWeecnZw
                0x0000000000148778      0x6d0 /home/ajusa/Documents/3dsfun/hello/nimcache/@m..@s..@s..@s.nimble@spkgs@spixie-2.1.1@spixie@spaths.nim.c.o
                0x0000000000148778                fillShapes__NYroTUIE8hMy2wdWeecnZw
 .text.fillPath__tahv0wtRPTmPY19czIAQ5gg
                0x0000000000148e48      0x298 /home/ajusa/Documents/3dsfun/hello/nimcache/@m..@s..@s..@s.nimble@spkgs@spixie-2.1.1@spixie@spaths.nim.c.o
                0x0000000000148e48                fillPath__tahv0wtRPTmPY19czIAQ5gg
 .text.fillPath__NIpxbro9ajp9btqoktrf77Ag
                0x00000000001490e0      0x7cc /home/ajusa/Documents/3dsfun/hello/nimcache/@m..@s..@s..@s.nimble@spkgs@spixie-2.1.1@spixie@spaths.nim.c.o
                0x00000000001490e0                fillPath__NIpxbro9ajp9btqoktrf77Ag
 .text.moveTo__0gsy9ariCghz9b1iheIQUc0A
                0x00000000001498ac      0x19c /home/ajusa/Documents/3dsfun/hello/nimcache/@m..@s..@s..@s.nimble@spkgs@spixie-2.1.1@spixie@spaths.nim.c.o
                0x00000000001498ac                moveTo__0gsy9ariCghz9b1iheIQUc0A
 .text.bezierCurveTo__qWfSPtZhphZqShL7rIayAQ
                0x0000000000149a48      0x1b8 /home/ajusa/Documents/3dsfun/hello/nimcache/@m..@s..@s..@s.nimble@spkgs@spixie-2.1.1@spixie@spaths.nim.c.o
                0x0000000000149a48                bezierCurveTo__qWfSPtZhphZqShL7rIayAQ
 .text.closePath__XBcw3lxAZ0xm9bvmSeks9aaQ
                0x0000000000149c00       0xd4 /home/ajusa/Documents/3dsfun/hello/nimcache/@m..@s..@s..@s.nimble@spkgs@spixie-2.1.1@spixie@spaths.nim.c.o
                0x0000000000149c00                closePath__XBcw3lxAZ0xm9bvmSeks9aaQ
 *fill*         0x0000000000149cd4        0x4 
 .text.ellipse__QEBc85yvjCfyfUk6KygMFg
                0x0000000000149cd8      0x230 /home/ajusa/Documents/3dsfun/hello/nimcache/@m..@s..@s..@s.nimble@spkgs@spixie-2.1.1@spixie@spaths.nim.c.o
                0x0000000000149cd8                ellipse__QEBc85yvjCfyfUk6KygMFg
 .text.makeCircle__RdniCVMiM16UiuGLM000dg
                0x0000000000149f08      0x36c /home/ajusa/Documents/3dsfun/hello/nimcache/@m..@s..@s..@s.nimble@spkgs@spixie-2.1.1@spixie@spaths.nim.c.o
                0x0000000000149f08                makeCircle__RdniCVMiM16UiuGLM000dg
 *fill*         0x000000000014a274        0x4 
 .text.makeJoin__giZekK2Nx6nxRpTfBm9cxig
                0x000000000014a278      0xf50 /home/ajusa/Documents/3dsfun/hello/nimcache/@m..@s..@s..@s.nimble@spkgs@spixie-2.1.1@spixie@spaths.nim.c.o
                0x000000000014a278                makeJoin__giZekK2Nx6nxRpTfBm9cxig
 .text.eqdestroy___b9cKiE709ciDff4lSksWkSdA
                0x000000000014b1c8       0x60 /home/ajusa/Documents/3dsfun/hello/nimcache/@m..@s..@s..@s.nimble@spkgs@spixie-2.1.1@spixie@spaths.nim.c.o
                0x000000000014b1c8                eqdestroy___b9cKiE709ciDff4lSksWkSdA
 .text.eqdestroy___k7jSCMRAL9cqzhOMHePXw8g
                0x000000000014b228       0x60 /home/ajusa/Documents/3dsfun/hello/nimcache/@m..@s..@s..@s.nimble@spkgs@spixie-2.1.1@spixie@spaths.nim.c.o
                0x000000000014b228                eqdestroy___k7jSCMRAL9cqzhOMHePXw8g
 .text.strokeShapes__bG559cMhXgrYcW1RveQ9aAdA
                0x000000000014b288     0x10f8 /home/ajusa/Documents/3dsfun/hello/nimcache/@m..@s..@s..@s.nimble@spkgs@spixie-2.1.1@spixie@spaths.nim.c.o
                0x000000000014b288                strokeShapes__bG559cMhXgrYcW1RveQ9aAdA
 .text.strokePath__o58Yu9aM3S5TQUimwKBeO7Q
                0x000000000014c380      0x34c /home/ajusa/Documents/3dsfun/hello/nimcache/@m..@s..@s..@s.nimble@spkgs@spixie-2.1.1@spixie@spaths.nim.c.o
                0x000000000014c380                strokePath__o58Yu9aM3S5TQUimwKBeO7Q
 .text.strokePath__kBvzX9cSBL1TOSsy5eU5yXA
                0x000000000014c6cc      0x860 /home/ajusa/Documents/3dsfun/hello/nimcache/@m..@s..@s..@s.nimble@spkgs@spixie-2.1.1@spixie@spaths.nim.c.o
                0x000000000014c6cc                strokePath__kBvzX9cSBL1TOSsy5eU5yXA
 .text.lineTo__0gsy9ariCghz9b1iheIQUc0A_2
                0x000000000014cf2c      0x180 /home/ajusa/Documents/3dsfun/hello/nimcache/@m..@s..@s..@s.nimble@spkgs@spixie-2.1.1@spixie@spaths.nim.c.o
                0x000000000014cf2c                lineTo__0gsy9ariCghz9b1iheIQUc0A_2
 .text.ellipticalArcTo__sWxWzq3ttJvijZn4bnkeGQ
                0x000000000014d0ac      0x1c4 /home/ajusa/Documents/3dsfun/hello/nimcache/@m..@s..@s..@s.nimble@spkgs@spixie-2.1.1@spixie@spaths.nim.c.o
                0x000000000014d0ac                ellipticalArcTo__sWxWzq3ttJvijZn4bnkeGQ
 .text.rect__Rh8UMNxlT8XsiRFWybYtZQ
                0x000000000014d270      0x264 /home/ajusa/Documents/3dsfun/hello/nimcache/@m..@s..@s..@s.nimble@spkgs@spixie-2.1.1@spixie@spaths.nim.c.o
                0x000000000014d270                rect__Rh8UMNxlT8XsiRFWybYtZQ
 .text.pixie_pathsDatInit000
                0x000000000014d4d4      0x10c /home/ajusa/Documents/3dsfun/hello/nimcache/@m..@s..@s..@s.nimble@spkgs@spixie-2.1.1@spixie@spaths.nim.c.o
                0x000000000014d4d4                pixie_pathsDatInit000
 .text.eqdestroy___KEoE58eyzCsYt8aeJHGJBw
                0x000000000014d5e0       0x20 /home/ajusa/Documents/3dsfun/hello/nimcache/stdlib_sets.nim.c.o
                0x000000000014d5e0                eqdestroy___KEoE58eyzCsYt8aeJHGJBw
 .text.eqdestroy___oEWLyEGDR8kACDcbKM9czHg
                0x000000000014d600      0x1c4 /home/ajusa/Documents/3dsfun/hello/nimcache/@m..@s..@s..@s.nimble@spkgs@spixie-2.1.1@spixie@sfontformats@sopentype.nim.c.o
                0x000000000014d600                eqdestroy___oEWLyEGDR8kACDcbKM9czHg
 .text.eqdestroy___4BIUNvSI4v0it1vRGWYAsA
                0x000000000014d7c4      0x244 /home/ajusa/Documents/3dsfun/hello/nimcache/@m..@s..@s..@s.nimble@spkgs@spixie-2.1.1@spixie@sfontformats@sopentype.nim.c.o
                0x000000000014d7c4                eqdestroy___4BIUNvSI4v0it1vRGWYAsA
 .text.eqdestroy___XxeyiZSCyB9bAv5c3UzYh9cQ
                0x000000000014da08     0x1368 /home/ajusa/Documents/3dsfun/hello/nimcache/@m..@s..@s..@s.nimble@spkgs@spixie-2.1.1@spixie@sfontformats@sopentype.nim.c.o
                0x000000000014da08                eqdestroy___XxeyiZSCyB9bAv5c3UzYh9cQ
 .text.eqdestroy___G629a16PSN8AigV8bGcd25A
                0x000000000014ed70        0x8 /home/ajusa/Documents/3dsfun/hello/nimcache/stdlib_streams.nim.c.o
                0x000000000014ed70                eqdestroy___G629a16PSN8AigV8bGcd25A
 .text.ssAtEnd__i3a7v4VsGcqjjJxfg0YUUg
                0x000000000014ed78      0x1a8 /home/ajusa/Documents/3dsfun/hello/nimcache/stdlib_streams.nim.c.o
                0x000000000014ed78                ssAtEnd__i3a7v4VsGcqjjJxfg0YUUg
 .text.ssGetPosition__9aSaecE8PQfXbgmZSvJsfYw
                0x000000000014ef20      0x18c /home/ajusa/Documents/3dsfun/hello/nimcache/stdlib_streams.nim.c.o
                0x000000000014ef20                ssGetPosition__9aSaecE8PQfXbgmZSvJsfYw
 .text.ssPeekData__xdahQHwcesKp9bR6BAtJSqA_3
                0x000000000014f0ac      0x1e4 /home/ajusa/Documents/3dsfun/hello/nimcache/stdlib_streams.nim.c.o
                0x000000000014f0ac                ssPeekData__xdahQHwcesKp9bR6BAtJSqA_3
 .text.eqcopy___uD7PP9aMywYClkkmJVib7sg
                0x000000000014f290      0x2e8 /home/ajusa/Documents/3dsfun/hello/nimcache/stdlib_streams.nim.c.o
                0x000000000014f290                eqcopy___uD7PP9aMywYClkkmJVib7sg
 .text.readDataStr__78VQwN48e7jIIL2Q9bINIFw
                0x000000000014f578      0x1e8 /home/ajusa/Documents/3dsfun/hello/nimcache/stdlib_streams.nim.c.o
                0x000000000014f578                readDataStr__78VQwN48e7jIIL2Q9bINIFw
 .text.close__y1KA3B0U09bKtU09am9a9avRYQ
                0x000000000014f760       0xa8 /home/ajusa/Documents/3dsfun/hello/nimcache/stdlib_streams.nim.c.o
                0x000000000014f760                close__y1KA3B0U09bKtU09am9a9avRYQ
 .text.eqdestroy___cz9cm9aumv5mjPcbA5tin0Kg
                0x000000000014f808      0x1a8 /home/ajusa/Documents/3dsfun/hello/nimcache/stdlib_streams.nim.c.o
                0x000000000014f808                eqdestroy___cz9cm9aumv5mjPcbA5tin0Kg
 .text.ssClose__y1KA3B0U09bKtU09am9a9avRYQ_2
                0x000000000014f9b0      0x1b8 /home/ajusa/Documents/3dsfun/hello/nimcache/stdlib_streams.nim.c.o
                0x000000000014f9b0                ssClose__y1KA3B0U09bKtU09am9a9avRYQ_2
 .text.ssSetPosition__cci01mizUCs1g9a9bQPBwweQ